Nov  2 17:13:16 metasploitable syslogd 1.5.0#1ubuntu1: restart.
Nov  2 17:13:16 metasploitable kernel: Inspecting /boot/System.map-2.6.24-16-server
Nov  2 17:13:16 metasploitable kernel: Loaded 28738 symbols from /boot/System.map-2.6.24-16-server.
Nov  2 17:13:16 metasploitable kernel: Symbols match kernel version 2.6.24.
Nov  2 17:13:16 metasploitable kernel: Loaded 14942 symbols from 56 modules.
Nov  2 17:13:16 metasploitable kernel: [    0.000000] Initializing cgroup subsys cpuset
Nov  2 17:13:16 metasploitable kernel: [    0.000000] Initializing cgroup subsys cpu
Nov  2 17:13:16 metasploitable kernel: [    0.000000] Linux version 2.6.24-16-server (buildd@palmer) (gcc version 4.2.3 (Ubuntu 4.2.3-2ubuntu7)) #1 SMP Thu Apr 10 13:58:00 UTC 2008 (Ubuntu 2.6.24-16.30-server)
Nov  2 17:13:16 metasploitable kernel: [    0.000000] BIOS-provided physical RAM map:
Nov  2 17:13:16 metasploitable kernel: [    0.000000]  BIOS-e820: 0000000000000000 - 000000000009fc00 (usable)
Nov  2 17:13:16 metasploitable kernel: [    0.000000]  BIOS-e820: 000000000009fc00 - 00000000000a0000 (reserved)
Nov  2 17:13:16 metasploitable kernel: [    0.000000]  BIOS-e820: 00000000000f0000 - 0000000000100000 (reserved)
Nov  2 17:13:16 metasploitable kernel: [    0.000000]  BIOS-e820: 0000000000100000 - 000000003fff0000 (usable)
Nov  2 17:13:16 metasploitable kernel: [    0.000000]  BIOS-e820: 000000003fff0000 - 0000000040000000 (ACPI data)
Nov  2 17:13:16 metasploitable kernel: [    0.000000]  BIOS-e820: 00000000fec00000 - 00000000fec01000 (reserved)
Nov  2 17:13:16 metasploitable kernel: [    0.000000]  BIOS-e820: 00000000fee00000 - 00000000fee01000 (reserved)
Nov  2 17:13:16 metasploitable kernel: [    0.000000]  BIOS-e820: 00000000fffc0000 - 0000000100000000 (reserved)
Nov  2 17:13:16 metasploitable kernel: [    0.000000] 127MB HIGHMEM available.
Nov  2 17:13:16 metasploitable kernel: [    0.000000] 896MB LOWMEM available.
Nov  2 17:13:16 metasploitable kernel: [    0.000000] found SMP MP-table at 0009fff0
Nov  2 17:13:16 metasploitable kernel: [    0.000000] NX (Execute Disable) protection: active
Nov  2 17:13:16 metasploitable kernel: [    0.000000] Entering add_active_range(0, 0, 262128) 0 entries of 256 used
Nov  2 17:13:16 metasploitable kernel: [    0.000000] Zone PFN ranges:
Nov  2 17:13:16 metasploitable kernel: [    0.000000]   DMA             0 ->     4096
Nov  2 17:13:16 metasploitable kernel: [    0.000000]   Normal       4096 ->   229376
Nov  2 17:13:16 metasploitable kernel: [    0.000000]   HighMem    229376 ->   262128
Nov  2 17:13:16 metasploitable kernel: [    0.000000] Movable zone start PFN for each node
Nov  2 17:13:16 metasploitable kernel: [    0.000000] early_node_map[1] active PFN ranges
Nov  2 17:13:16 metasploitable kernel: [    0.000000]     0:        0 ->   262128
Nov  2 17:13:16 metasploitable kernel: [    0.000000] On node 0 totalpages: 262128
Nov  2 17:13:16 metasploitable kernel: [    0.000000]   DMA zone: 32 pages used for memmap
Nov  2 17:13:16 metasploitable kernel: [    0.000000]   DMA zone: 0 pages reserved
Nov  2 17:13:16 metasploitable kernel: [    0.000000]   DMA zone: 4064 pages, LIFO batch:0
Nov  2 17:13:16 metasploitable kernel: [    0.000000]   Normal zone: 1760 pages used for memmap
Nov  2 17:13:16 metasploitable kernel: [    0.000000]   Normal zone: 223520 pages, LIFO batch:31
Nov  2 17:13:16 metasploitable kernel: [    0.000000]   HighMem zone: 255 pages used for memmap
Nov  2 17:13:16 metasploitable kernel: [    0.000000]   HighMem zone: 32497 pages, LIFO batch:7
Nov  2 17:13:16 metasploitable kernel: [    0.000000]   Movable zone: 0 pages used for memmap
Nov  2 17:13:16 metasploitable kernel: [    0.000000] DMI 2.5 present.
Nov  2 17:13:16 metasploitable kernel: [    0.000000] ACPI: RSDP signature @ 0xC00E0000 checksum 0
Nov  2 17:13:16 metasploitable kernel: [    0.000000] ACPI: RSDP 000E0000, 0024 (r2 VBOX  )
Nov  2 17:13:16 metasploitable kernel: [    0.000000] ACPI: XSDT 3FFF0030, 003C (r1 VBOX   VBOXXSDT        1 ASL        61)
Nov  2 17:13:16 metasploitable kernel: [    0.000000] ACPI: FACP 3FFF00F0, 00F4 (r4 VBOX   VBOXFACP        1 ASL        61)
Nov  2 17:13:16 metasploitable kernel: [    0.000000] ACPI: DSDT 3FFF0470, 2325 (r2 VBOX   VBOXBIOS        2 INTL 20100528)
Nov  2 17:13:16 metasploitable kernel: [    0.000000] ACPI: FACS 3FFF0200, 0040
Nov  2 17:13:16 metasploitable kernel: [    0.000000] ACPI: APIC 3FFF0240, 0054 (r2 VBOX   VBOXAPIC        1 ASL        61)
Nov  2 17:13:16 metasploitable kernel: [    0.000000] ACPI: SSDT 3FFF02A0, 01CC (r1 VBOX   VBOXCPUT        2 INTL 20100528)
Nov  2 17:13:16 metasploitable kernel: [    0.000000] ACPI: PM-Timer IO Port: 0x4008
Nov  2 17:13:16 metasploitable kernel: [    0.000000] ACPI: Local APIC address 0xfee00000
Nov  2 17:13:16 metasploitable kernel: [    0.000000] ACPI: LAPIC (acpi_id[0x00] lapic_id[0x00] enabled)
Nov  2 17:13:16 metasploitable kernel: [    0.000000] Processor #0 15:14 APIC version 20
Nov  2 17:13:16 metasploitable kernel: [    0.000000] ACPI: IOAPIC (id[0x01] address[0xfec00000] gsi_base[0])
Nov  2 17:13:16 metasploitable kernel: [    0.000000] IOAPIC[0]: apic_id 1, version 32, address 0xfec00000, GSI 0-23
Nov  2 17:13:16 metasploitable kernel: [    0.000000] ACPI: INT_SRC_OVR (bus 0 bus_irq 0 global_irq 2 dfl dfl)
Nov  2 17:13:16 metasploitable kernel: [    0.000000] ACPI: INT_SRC_OVR (bus 0 bus_irq 9 global_irq 9 low level)
Nov  2 17:13:16 metasploitable kernel: [    0.000000] ACPI: IRQ0 used by override.
Nov  2 17:13:16 metasploitable kernel: [    0.000000] ACPI: IRQ2 used by override.
Nov  2 17:13:16 metasploitable kernel: [    0.000000] ACPI: IRQ9 used by override.
Nov  2 17:13:16 metasploitable kernel: [    0.000000] Enabling APIC mode:  Flat.  Using 1 I/O APICs
Nov  2 17:13:16 metasploitable kernel: [    0.000000] Using ACPI (MADT) for SMP configuration information
Nov  2 17:13:16 metasploitable kernel: [    0.000000] Allocating PCI resources starting at 50000000 (gap: 40000000:bec00000)
Nov  2 17:13:16 metasploitable kernel: [    0.000000] swsusp: Registered nosave memory region: 000000000009f000 - 00000000000a0000
Nov  2 17:13:16 metasploitable kernel: [    0.000000] swsusp: Registered nosave memory region: 00000000000a0000 - 00000000000f0000
Nov  2 17:13:16 metasploitable kernel: [    0.000000] swsusp: Registered nosave memory region: 00000000000f0000 - 0000000000100000
Nov  2 17:13:16 metasploitable kernel: [    0.000000] Built 1 zonelists in Zone order, mobility grouping on.  Total pages: 260081
Nov  2 17:13:16 metasploitable kernel: [    0.000000] Kernel command line: root=/dev/mapper/metasploitable-root ro quiet splash
Nov  2 17:13:16 metasploitable kernel: [    0.000000] mapped APIC to ffffb000 (fee00000)
Nov  2 17:13:16 metasploitable kernel: [    0.000000] mapped IOAPIC to ffffa000 (fec00000)
Nov  2 17:13:16 metasploitable kernel: [    0.000000] Enabling fast FPU save and restore... done.
Nov  2 17:13:16 metasploitable kernel: [    0.000000] Enabling unmasked SIMD FPU exception support... done.
Nov  2 17:13:16 metasploitable kernel: [    0.000000] Initializing CPU#0
Nov  2 17:13:16 metasploitable kernel: [    0.000000] PID hash table entries: 4096 (order: 12, 16384 bytes)
Nov  2 17:13:16 metasploitable kernel: [    0.000000] Detected 2282.153 MHz processor.
Nov  2 17:13:16 metasploitable kernel: [    5.316694] Console: colour VGA+ 80x25
Nov  2 17:13:16 metasploitable kernel: [    5.316696] console [tty0] enabled
Nov  2 17:13:16 metasploitable kernel: [    5.316719] Dentry cache hash table entries: 131072 (order: 7, 524288 bytes)
Nov  2 17:13:16 metasploitable kernel: [    5.316828] Inode-cache hash table entries: 65536 (order: 6, 262144 bytes)
Nov  2 17:13:16 metasploitable kernel: [    5.323089] Memory: 1026828k/1048512k available (2255k kernel code, 21028k reserved, 1032k data, 384k init, 131008k highmem)
Nov  2 17:13:16 metasploitable kernel: [    5.323091] virtual kernel memory layout:
Nov  2 17:13:16 metasploitable kernel: [    5.323091]     fixmap  : 0xfff4c000 - 0xfffff000   ( 716 kB)
Nov  2 17:13:16 metasploitable kernel: [    5.323092]     pkmap   : 0xffc00000 - 0xffe00000   (2048 kB)
Nov  2 17:13:16 metasploitable kernel: [    5.323092]     vmalloc : 0xf8800000 - 0xffbfe000   ( 115 MB)
Nov  2 17:13:16 metasploitable kernel: [    5.323092]     lowmem  : 0xc0000000 - 0xf8000000   ( 896 MB)
Nov  2 17:13:16 metasploitable kernel: [    5.323093]       .init : 0xc043c000 - 0xc049c000   ( 384 kB)
Nov  2 17:13:16 metasploitable kernel: [    5.323093]       .data : 0xc0333e95 - 0xc0435fe4   (1032 kB)
Nov  2 17:13:16 metasploitable kernel: [    5.323094]       .text : 0xc0100000 - 0xc0333e95   (2255 kB)
Nov  2 17:13:16 metasploitable kernel: [    5.323094] Checking if this processor honours the WP bit even in supervisor mode... Ok.
Nov  2 17:13:16 metasploitable kernel: [    5.324008] SLUB: Genslabs=11, HWalign=64, Order=0-1, MinObjects=4, CPUs=1, Nodes=1
Nov  2 17:13:16 metasploitable kernel: [    5.475310] Calibrating delay using timer specific routine.. 4619.05 BogoMIPS (lpj=23095255)
Nov  2 17:13:16 metasploitable kernel: [    5.475340] Security Framework initialized
Nov  2 17:13:16 metasploitable kernel: [    5.475342] SELinux:  Disabled at boot.
Nov  2 17:13:16 metasploitable kernel: [    5.475346] AppArmor: AppArmor initialized
Nov  2 17:13:16 metasploitable kernel: [    5.475348] Failure registering capabilities with primary security module.
Nov  2 17:13:16 metasploitable kernel: [    5.475350] Mount-cache hash table entries: 512
Nov  2 17:13:16 metasploitable kernel: [    5.476365] Initializing cgroup subsys ns
Nov  2 17:13:16 metasploitable kernel: [    5.476367] Initializing cgroup subsys cpuacct
Nov  2 17:13:16 metasploitable kernel: [    5.476383] CPU: After generic identify, caps: 178bfbff 28100800 00000000 00000000 d6fa220b 00000000 00000121 00000000
Nov  2 17:13:16 metasploitable kernel: [    5.476386] monitor/mwait feature present.
Nov  2 17:13:16 metasploitable kernel: [    5.476387] using mwait in idle threads.
Nov  2 17:13:16 metasploitable kernel: [    5.476396] CPU: L1 I cache: 32K, L1 D cache: 32K
Nov  2 17:13:16 metasploitable kernel: [    5.476396] CPU: L2 cache: 256K
Nov  2 17:13:16 metasploitable kernel: [    5.476397] CPU: L3 cache: 16384K
Nov  2 17:13:16 metasploitable kernel: [    5.476400] CPU: Hyper-Threading is disabled
Nov  2 17:13:16 metasploitable kernel: [    5.476401] CPU: After all inits, caps: 178bfbff 28100800 00000000 00000140 d6fa220b 00000000 00000121 00000000
Nov  2 17:13:16 metasploitable kernel: [    5.476404] Compat vDSO mapped to ffffe000.
Nov  2 17:13:16 metasploitable kernel: [    5.476414] Checking 'hlt' instruction... OK.
Nov  2 17:13:16 metasploitable kernel: [    5.517021] SMP alternatives: switching to UP code
Nov  2 17:13:16 metasploitable kernel: [    5.522079] Freeing SMP alternatives: 12k freed
Nov  2 17:13:16 metasploitable kernel: [    5.522114] Early unpacking initramfs... done
Nov  2 17:13:16 metasploitable kernel: [    5.711399] ACPI: Core revision 20070126
Nov  2 17:13:16 metasploitable kernel: [    5.711414] ACPI: Looking for DSDT in initramfs... error, file /DSDT.aml not found.
Nov  2 17:13:16 metasploitable kernel: [    5.711801] CPU0: Intel(R) Core(TM) i9-9880H CPU @ 2.30GHz stepping 0d
Nov  2 17:13:16 metasploitable kernel: [    5.712293] Total of 1 processors activated (4619.05 BogoMIPS).
Nov  2 17:13:16 metasploitable kernel: [    5.712898] ENABLING IO-APIC IRQs
Nov  2 17:13:16 metasploitable kernel: [    5.713167] ..TIMER: vector=0x31 apic1=0 pin1=2 apic2=-1 pin2=-1
Nov  2 17:13:16 metasploitable kernel: [    5.929771] Brought up 1 CPUs
Nov  2 17:13:16 metasploitable kernel: [    5.929824] CPU0 attaching sched-domain:
Nov  2 17:13:16 metasploitable kernel: [    5.929825]  domain 0: span 01
Nov  2 17:13:16 metasploitable kernel: [    5.929825]   groups: 01
Nov  2 17:13:16 metasploitable kernel: [    5.929892] net_namespace: 64 bytes
Nov  2 17:13:16 metasploitable kernel: [    5.929895] Booting paravirtualized kernel on bare hardware
Nov  2 17:13:16 metasploitable kernel: [    5.930119] Time: 22:13:07  Date: 11/02/20
Nov  2 17:13:16 metasploitable kernel: [    5.930126] NET: Registered protocol family 16
Nov  2 17:13:16 metasploitable kernel: [    5.930171] EISA bus registered
Nov  2 17:13:16 metasploitable kernel: [    5.930214] ACPI: bus type pci registered
Nov  2 17:13:16 metasploitable kernel: [    5.930254] PCI: PCI BIOS revision 2.10 entry at 0xfda26, last bus=0
Nov  2 17:13:16 metasploitable kernel: [    5.930255] PCI: Using configuration type 1
Nov  2 17:13:16 metasploitable kernel: [    5.930256] Setting up standard PCI resources
Nov  2 17:13:16 metasploitable kernel: [    5.931281] ACPI: EC: Look up EC in DSDT
Nov  2 17:13:16 metasploitable kernel: [    5.933938] ACPI: Interpreter enabled
Nov  2 17:13:16 metasploitable kernel: [    5.933939] ACPI: (supports S0 S1 S4 S5)
Nov  2 17:13:16 metasploitable kernel: [    5.933943] ACPI: Using IOAPIC for interrupt routing
Nov  2 17:13:16 metasploitable kernel: [    5.935400] ACPI: PCI Root Bridge [PCI0] (0000:00)
Nov  2 17:13:16 metasploitable kernel: [    5.939970] PCI quirk: region 4000-403f claimed by PIIX4 ACPI
Nov  2 17:13:16 metasploitable kernel: [    5.939981] PCI quirk: region 4100-410f claimed by PIIX4 SMB
Nov  2 17:13:16 metasploitable kernel: [    5.942408] ACPI: PCI Interrupt Routing Table [\_SB_.PCI0._PRT]
Nov  2 17:13:16 metasploitable kernel: [    5.949594] ACPI: PCI Interrupt Link [LNKA] (IRQs 5 9 10 *11)
Nov  2 17:13:16 metasploitable kernel: [    5.949721] ACPI: PCI Interrupt Link [LNKB] (IRQs 5 9 *10 11)
Nov  2 17:13:16 metasploitable kernel: [    5.949780] ACPI: PCI Interrupt Link [LNKC] (IRQs 5 *9 10 11)
Nov  2 17:13:16 metasploitable kernel: [    5.949838] ACPI: PCI Interrupt Link [LNKD] (IRQs 5 9 10 *11)
Nov  2 17:13:16 metasploitable kernel: [    5.949891] Linux Plug and Play Support v0.97 (c) Adam Belay
Nov  2 17:13:16 metasploitable kernel: [    5.949931] pnp: PnP ACPI init
Nov  2 17:13:16 metasploitable kernel: [    5.949934] ACPI: bus type pnp registered
Nov  2 17:13:16 metasploitable kernel: [    5.950733] pnp: PnP ACPI: found 4 devices
Nov  2 17:13:16 metasploitable kernel: [    5.950734] ACPI: ACPI bus type pnp unregistered
Nov  2 17:13:16 metasploitable kernel: [    5.950736] PnPBIOS: Disabled by ACPI PNP
Nov  2 17:13:16 metasploitable kernel: [    5.950791] PCI: Using ACPI for IRQ routing
Nov  2 17:13:16 metasploitable kernel: [    5.950791] PCI: If a device doesn't work, try "pci=routeirq".  If it helps, post a report
Nov  2 17:13:16 metasploitable kernel: [    5.960384] NET: Registered protocol family 8
Nov  2 17:13:16 metasploitable kernel: [    5.960386] NET: Registered protocol family 20
Nov  2 17:13:16 metasploitable kernel: [    5.960421] NetLabel: Initializing
Nov  2 17:13:16 metasploitable kernel: [    5.960423] NetLabel:  domain hash size = 128
Nov  2 17:13:16 metasploitable kernel: [    5.960423] NetLabel:  protocols = UNLABELED CIPSOv4
Nov  2 17:13:16 metasploitable kernel: [    5.960429] NetLabel:  unlabeled traffic allowed by default
Nov  2 17:13:16 metasploitable kernel: [    5.960447] AppArmor: AppArmor Filesystem Enabled
Nov  2 17:13:16 metasploitable kernel: [    5.970673] Time: tsc clocksource has been installed.
Nov  2 17:13:16 metasploitable kernel: [    6.022672] NET: Registered protocol family 2
Nov  2 17:13:16 metasploitable kernel: [    6.123634] IP route cache hash table entries: 32768 (order: 5, 131072 bytes)
Nov  2 17:13:16 metasploitable kernel: [    6.123736] TCP established hash table entries: 131072 (order: 8, 1048576 bytes)
Nov  2 17:13:16 metasploitable kernel: [    6.125172] TCP bind hash table entries: 65536 (order: 7, 524288 bytes)
Nov  2 17:13:16 metasploitable kernel: [    6.125252] TCP: Hash tables configured (established 131072 bind 65536)
Nov  2 17:13:16 metasploitable kernel: [    6.125258] TCP reno registered
Nov  2 17:13:16 metasploitable kernel: [    6.153444] checking if image is initramfs... it is
Nov  2 17:13:16 metasploitable kernel: [    6.504474] Freeing initrd memory: 7743k freed
Nov  2 17:13:16 metasploitable kernel: [    6.504621] audit: initializing netlink socket (disabled)
Nov  2 17:13:16 metasploitable kernel: [    6.504625] audit(1604355188.070:1): initialized
Nov  2 17:13:16 metasploitable kernel: [    6.504685] highmem bounce pool size: 64 pages
Nov  2 17:13:16 metasploitable kernel: [    6.504686] Total HugeTLB memory allocated, 0
Nov  2 17:13:16 metasploitable kernel: [    6.505169] VFS: Disk quotas dquot_6.5.1
Nov  2 17:13:16 metasploitable kernel: [    6.505190] Dquot-cache hash table entries: 1024 (order 0, 4096 bytes)
Nov  2 17:13:16 metasploitable kernel: [    6.505239] io scheduler noop registered
Nov  2 17:13:16 metasploitable kernel: [    6.505239] io scheduler anticipatory registered
Nov  2 17:13:16 metasploitable kernel: [    6.505240] io scheduler deadline registered (default)
Nov  2 17:13:16 metasploitable kernel: [    6.505244] io scheduler cfq registered
Nov  2 17:13:16 metasploitable kernel: [    6.505246] Limiting direct PCI/PCI transfers.
Nov  2 17:13:16 metasploitable kernel: [    6.505264] Activating ISA DMA hang workarounds.
Nov  2 17:13:16 metasploitable kernel: [    6.505276] Boot video device is 0000:00:02.0
Nov  2 17:13:16 metasploitable kernel: [    6.505395] isapnp: Scanning for PnP cards...
Nov  2 17:13:16 metasploitable kernel: [    6.540404] Switched to high resolution mode on CPU 0
Nov  2 17:13:16 metasploitable kernel: [    6.874479] isapnp: No Plug & Play device found
Nov  2 17:13:16 metasploitable kernel: [    6.881992] Real Time Clock Driver v1.12ac
Nov  2 17:13:16 metasploitable kernel: [    6.882051] Serial: 8250/16550 driver $Revision: 1.90 $ 4 ports, IRQ sharing enabled
Nov  2 17:13:16 metasploitable kernel: [    6.882417] RAMDISK driver initialized: 16 RAM disks of 65536K size 1024 blocksize
Nov  2 17:13:16 metasploitable kernel: [    6.882435] input: Macintosh mouse button emulation as /devices/virtual/input/input0
Nov  2 17:13:16 metasploitable kernel: [    6.882457] PNP: PS/2 Controller [PNP0303:PS2K,PNP0f03:PS2M] at 0x60,0x64 irq 1,12
Nov  2 17:13:16 metasploitable kernel: [    6.882697] serio: i8042 KBD port at 0x60,0x64 irq 1
Nov  2 17:13:16 metasploitable kernel: [    6.882699] serio: i8042 AUX port at 0x60,0x64 irq 12
Nov  2 17:13:16 metasploitable kernel: [    6.890691] mice: PS/2 mouse device common for all mice
Nov  2 17:13:16 metasploitable kernel: [    6.891033] input: AT Translated Set 2 keyboard as /devices/platform/i8042/serio0/input/input1
Nov  2 17:13:16 metasploitable kernel: [    6.891041] EISA: Probing bus 0 at eisa.0
Nov  2 17:13:16 metasploitable kernel: [    6.891059] Cannot allocate resource for EISA slot 4
Nov  2 17:13:16 metasploitable kernel: [    6.891075] EISA: Detected 0 cards.
Nov  2 17:13:16 metasploitable kernel: [    6.891077] cpuidle: using governor ladder
Nov  2 17:13:16 metasploitable kernel: [    6.891078] cpuidle: using governor menu
Nov  2 17:13:16 metasploitable kernel: [    6.891121] NET: Registered protocol family 1
Nov  2 17:13:16 metasploitable kernel: [    6.891135] Using IPI No-Shortcut mode
Nov  2 17:13:16 metasploitable kernel: [    6.891148] registered taskstats version 1
Nov  2 17:13:16 metasploitable kernel: [    6.891278]   Magic number: 12:682:248
Nov  2 17:13:16 metasploitable kernel: [    6.891292]   hash matches device ttyw4
Nov  2 17:13:16 metasploitable kernel: [    6.891336] BIOS EDD facility v0.16 2004-Jun-25, 6 devices found
Nov  2 17:13:16 metasploitable kernel: [    6.891456] Freeing unused kernel memory: 384k freed
Nov  2 17:13:16 metasploitable kernel: [    7.041472] fuse init (API version 7.9)
Nov  2 17:13:16 metasploitable kernel: [    7.055082] device-mapper: uevent: version 1.0.3
Nov  2 17:13:16 metasploitable kernel: [    7.055096] device-mapper: ioctl: 4.12.0-ioctl (2007-10-02) initialised: dm-devel@redhat.com
Nov  2 17:13:16 metasploitable kernel: [    7.148812] SCSI subsystem initialized
Nov  2 17:13:16 metasploitable kernel: [    7.162262] libata version 3.00 loaded.
Nov  2 17:13:16 metasploitable kernel: [    7.170719] ata_piix 0000:00:01.1: version 2.12
Nov  2 17:13:16 metasploitable kernel: [    7.170835] PCI: Setting latency timer of device 0000:00:01.1 to 64
Nov  2 17:13:16 metasploitable kernel: [    7.171093] scsi0 : ata_piix
Nov  2 17:13:16 metasploitable kernel: [    7.174164] scsi1 : ata_piix
Nov  2 17:13:16 metasploitable kernel: [    7.174176] ata1: PATA max UDMA/33 cmd 0x1f0 ctl 0x3f6 bmdma 0xd000 irq 14
Nov  2 17:13:16 metasploitable kernel: [    7.174177] ata2: PATA max UDMA/33 cmd 0x170 ctl 0x376 bmdma 0xd008 irq 15
Nov  2 17:13:16 metasploitable kernel: [    7.184947] Intel(R) PRO/1000 Network Driver - version 7.3.20-k2-NAPI
Nov  2 17:13:16 metasploitable kernel: [    7.184949] Copyright (c) 1999-2006 Intel Corporation.
Nov  2 17:13:16 metasploitable kernel: [    7.201161] usbcore: registered new interface driver usbfs
Nov  2 17:13:16 metasploitable kernel: [    7.201169] usbcore: registered new interface driver hub
Nov  2 17:13:16 metasploitable kernel: [    7.205619] usbcore: registered new device driver usb
Nov  2 17:13:16 metasploitable kernel: [    7.212569] ohci_hcd: 2006 August 04 USB 1.1 'Open' Host Controller (OHCI) Driver
Nov  2 17:13:16 metasploitable kernel: [    7.658770] ata2.00: ATAPI: VBOX CD-ROM, 1.0, max UDMA/133
Nov  2 17:13:16 metasploitable kernel: [    7.818256] ata2.00: configured for UDMA/33
Nov  2 17:13:16 metasploitable kernel: [    7.818555] scsi 1:0:0:0: CD-ROM            VBOX     CD-ROM           1.0  PQ: 0 ANSI: 5
Nov  2 17:13:16 metasploitable kernel: [    7.819972] ACPI: PCI Interrupt 0000:00:03.0[A] -> GSI 19 (level, low) -> IRQ 16
Nov  2 17:13:16 metasploitable kernel: [    7.820016] PCI: Setting latency timer of device 0000:00:03.0 to 64
Nov  2 17:13:16 metasploitable kernel: [    8.170340] e1000: 0000:00:03.0: e1000_probe: (PCI:33MHz:32-bit) 08:00:27:15:78:88
Nov  2 17:13:16 metasploitable kernel: [    8.220056] e1000: eth0: e1000_probe: Intel(R) PRO/1000 Network Connection
Nov  2 17:13:16 metasploitable kernel: [    8.220161] ahci 0000:00:0d.0: version 3.0
Nov  2 17:13:16 metasploitable kernel: [    8.220266] ACPI: PCI Interrupt 0000:00:0d.0[A] -> GSI 21 (level, low) -> IRQ 17
Nov  2 17:13:16 metasploitable kernel: [    9.225826] ahci 0000:00:0d.0: AHCI 0001.0100 32 slots 1 ports 3 Gbps 0x1 impl SATA mode
Nov  2 17:13:16 metasploitable kernel: [    9.225828] ahci 0000:00:0d.0: flags: 64bit ncq stag only 
Nov  2 17:13:16 metasploitable kernel: [    9.225857] PCI: Setting latency timer of device 0000:00:0d.0 to 64
Nov  2 17:13:16 metasploitable kernel: [    9.225943] scsi2 : ahci
Nov  2 17:13:16 metasploitable kernel: [    9.225968] ata3: SATA max UDMA/133 abar m8192@0xf0806000 port 0xf0806100 irq 17
Nov  2 17:13:16 metasploitable kernel: [    9.736028] ata3: SATA link up 3.0 Gbps (SStatus 123 SControl 300)
Nov  2 17:13:16 metasploitable kernel: [    9.736141] ata3.00: ATA-6: VBOX HARDDISK, 1.0, max UDMA/133
Nov  2 17:13:16 metasploitable kernel: [    9.736142] ata3.00: 16777216 sectors, multi 128: LBA48 NCQ (depth 31/32)
Nov  2 17:13:16 metasploitable kernel: [    9.736293] ata3.00: configured for UDMA/133
Nov  2 17:13:16 metasploitable kernel: [    9.736360] scsi 2:0:0:0: Direct-Access     ATA      VBOX HARDDISK    1.0  PQ: 0 ANSI: 5
Nov  2 17:13:16 metasploitable kernel: [    9.737136] ACPI: PCI Interrupt 0000:00:06.0[A] -> GSI 22 (level, low) -> IRQ 18
Nov  2 17:13:16 metasploitable kernel: [    9.737180] PCI: Setting latency timer of device 0000:00:06.0 to 64
Nov  2 17:13:16 metasploitable kernel: [    9.737193] ohci_hcd 0000:00:06.0: OHCI Host Controller
Nov  2 17:13:16 metasploitable kernel: [    9.737264] ohci_hcd 0000:00:06.0: new USB bus registered, assigned bus number 1
Nov  2 17:13:16 metasploitable kernel: [    9.737287] ohci_hcd 0000:00:06.0: irq 18, io mem 0xf0804000
Nov  2 17:13:16 metasploitable kernel: [    9.739548] Driver 'sd' needs updating - please use bus_type methods
Nov  2 17:13:16 metasploitable kernel: [    9.739572] sd 2:0:0:0: [sda] 16777216 512-byte hardware sectors (8590 MB)
Nov  2 17:13:16 metasploitable kernel: [    9.739576] sd 2:0:0:0: [sda] Write Protect is off
Nov  2 17:13:16 metasploitable kernel: [    9.739577] sd 2:0:0:0: [sda] Mode Sense: 00 3a 00 00
Nov  2 17:13:16 metasploitable kernel: [    9.739581] sd 2:0:0:0: [sda] Write cache: enabled, read cache: enabled, doesn't support DPO or FUA
Nov  2 17:13:16 metasploitable kernel: [    9.739595] sd 2:0:0:0: [sda] 16777216 512-byte hardware sectors (8590 MB)
Nov  2 17:13:16 metasploitable kernel: [    9.739597] sd 2:0:0:0: [sda] Write Protect is off
Nov  2 17:13:16 metasploitable kernel: [    9.739598] sd 2:0:0:0: [sda] Mode Sense: 00 3a 00 00
Nov  2 17:13:16 metasploitable kernel: [    9.739602] sd 2:0:0:0: [sda] Write cache: enabled, read cache: enabled, doesn't support DPO or FUA
Nov  2 17:13:16 metasploitable kernel: [    9.739604]  sda: sda1 sda2 < sda5 >
Nov  2 17:13:16 metasploitable kernel: [    9.739972] sd 2:0:0:0: [sda] Attached SCSI disk
Nov  2 17:13:16 metasploitable kernel: [    9.741761] scsi 1:0:0:0: Attached scsi generic sg0 type 5
Nov  2 17:13:16 metasploitable kernel: [    9.741768] sd 2:0:0:0: Attached scsi generic sg1 type 0
Nov  2 17:13:16 metasploitable kernel: [    9.795060] usb usb1: configuration #1 chosen from 1 choice
Nov  2 17:13:16 metasploitable kernel: [    9.795069] hub 1-0:1.0: USB hub found
Nov  2 17:13:16 metasploitable kernel: [    9.795076] hub 1-0:1.0: 12 ports detected
Nov  2 17:13:16 metasploitable kernel: [    9.810070] Attempting manual resume
Nov  2 17:13:16 metasploitable kernel: [    9.810072] swsusp: Resume From Partition 254:1
Nov  2 17:13:16 metasploitable kernel: [    9.810073] PM: Checking swsusp image.
Nov  2 17:13:16 metasploitable kernel: [    9.810150] PM: Resume from disk failed.
Nov  2 17:13:16 metasploitable kernel: [    9.816732] kjournald starting.  Commit interval 5 seconds
Nov  2 17:13:16 metasploitable kernel: [    9.816735] EXT3-fs: mounted filesystem with ordered data mode.
Nov  2 17:13:16 metasploitable kernel: [    9.904829] ACPI: PCI Interrupt 0000:00:0b.0[A] -> GSI 19 (level, low) -> IRQ 16
Nov  2 17:13:16 metasploitable kernel: [    9.904869] PCI: Setting latency timer of device 0000:00:0b.0 to 64
Nov  2 17:13:16 metasploitable kernel: [    9.904882] ehci_hcd 0000:00:0b.0: EHCI Host Controller
Nov  2 17:13:16 metasploitable kernel: [    9.904891] ehci_hcd 0000:00:0b.0: new USB bus registered, assigned bus number 2
Nov  2 17:13:16 metasploitable kernel: [    9.905071] ehci_hcd 0000:00:0b.0: irq 16, io mem 0xf0805000
Nov  2 17:13:16 metasploitable kernel: [    9.924590] ehci_hcd 0000:00:0b.0: USB 2.0 started, EHCI 1.00, driver 10 Dec 2004
Nov  2 17:13:16 metasploitable kernel: [    9.924640] usb usb2: configuration #1 chosen from 1 choice
Nov  2 17:13:16 metasploitable kernel: [    9.924649] hub 2-0:1.0: USB hub found
Nov  2 17:13:16 metasploitable kernel: [    9.924651] hub 2-0:1.0: 12 ports detected
Nov  2 17:13:16 metasploitable kernel: [   10.317676] input: Power Button (FF) as /devices/virtual/input/input2
Nov  2 17:13:16 metasploitable kernel: [   10.344079] ACPI: Power Button (FF) [PWRF]
Nov  2 17:13:16 metasploitable kernel: [   10.344208] input: Sleep Button (FF) as /devices/virtual/input/input3
Nov  2 17:13:16 metasploitable kernel: [   10.383870] ACPI: Sleep Button (FF) [SLPF]
Nov  2 17:13:16 metasploitable kernel: [   10.445843] ACPI: AC Adapter [AC] (on-line)
Nov  2 17:13:16 metasploitable kernel: [   10.484511] ACPI: Battery Slot [BAT0] (battery present)
Nov  2 17:13:16 metasploitable kernel: [   10.495556] input: Video Bus as /devices/LNXSYSTM:00/device:00/PNP0A03:00/LNXVIDEO:00/input/input4
Nov  2 17:13:16 metasploitable kernel: [   10.524195] ACPI: Video Device [GFX0] (multi-head: yes  rom: no  post: no)
Nov  2 17:13:16 metasploitable kernel: [   10.532480] Driver 'sr' needs updating - please use bus_type methods
Nov  2 17:13:16 metasploitable kernel: [   10.535593] sr0: scsi3-mmc drive: 32x/32x xa/form2 tray
Nov  2 17:13:16 metasploitable kernel: [   10.535594] Uniform CD-ROM driver Revision: 3.20
Nov  2 17:13:16 metasploitable kernel: [   10.535609] sr 1:0:0:0: Attached scsi CD-ROM sr0
Nov  2 17:13:16 metasploitable kernel: [   10.604923] e1000: eth0: e1000_watchdog: NIC Link is Up 1000 Mbps Full Duplex, Flow Control: RX
Nov  2 17:13:16 metasploitable kernel: [   10.829650] input: ImExPS/2 Generic Explorer Mouse as /devices/platform/i8042/serio1/input/input5
Nov  2 17:13:16 metasploitable kernel: [   10.832213] input: PC Speaker as /devices/platform/pcspkr/input/input6
Nov  2 17:13:16 metasploitable kernel: [   11.223936] usb 1-1: new full speed USB device using ohci_hcd and address 2
Nov  2 17:13:16 metasploitable kernel: [   11.718437] NET: Registered protocol family 17
Nov  2 17:13:16 metasploitable kernel: [   12.098818] usb 1-1: configuration #1 chosen from 1 choice
Nov  2 17:13:16 metasploitable kernel: [   12.124025] usbcore: registered new interface driver hiddev
Nov  2 17:13:16 metasploitable kernel: [   12.136003] input: VirtualBox USB Tablet as /devices/pci0000:00/0000:00:06.0/usb1/1-1/1-1:1.0/input/input7
Nov  2 17:13:16 metasploitable kernel: [   12.141443] loop: module loaded
Nov  2 17:13:16 metasploitable kernel: [   12.150237] lp: driver loaded but no devices found
Nov  2 17:13:16 metasploitable kernel: [   12.181319] input,hidraw0: USB HID v1.10 Mouse [VirtualBox USB Tablet] on usb-0000:00:06.0-1
Nov  2 17:13:16 metasploitable kernel: [   12.181330] usbcore: registered new interface driver usbhid
Nov  2 17:13:16 metasploitable kernel: [   12.181332] /build/buildd/linux-2.6.24/drivers/hid/usbhid/hid-core.c: v2.6:USB HID core driver
Nov  2 17:13:16 metasploitable kernel: [   13.080249] EXT3 FS on dm-0, internal journal
Nov  2 17:13:16 metasploitable kernel: [   13.125047] NET: Registered protocol family 10
Nov  2 17:13:16 metasploitable kernel: [   13.125107] lo: Disabled Privacy Extensions
Nov  2 17:13:16 metasploitable kernel: [   13.244495] kjournald starting.  Commit interval 5 seconds
Nov  2 17:13:16 metasploitable kernel: [   13.244584] EXT3 FS on sda1, internal journal
Nov  2 17:13:16 metasploitable kernel: [   13.244586] EXT3-fs: mounted filesystem with ordered data mode.
Nov  2 17:13:16 metasploitable kernel: [   13.344947] ip_tables: (C) 2000-2006 Netfilter Core Team
Nov  2 17:13:16 metasploitable kernel: [   14.395798] RPC: Registered udp transport module.
Nov  2 17:13:16 metasploitable kernel: [   14.395800] RPC: Registered tcp transport module.
Nov  2 17:13:16 metasploitable named[4021]: starting BIND 9.4.2 -u bind
Nov  2 17:13:16 metasploitable named[4021]: found 1 CPU, using 1 worker thread
Nov  2 17:13:16 metasploitable named[4021]: loading configuration from '/etc/bind/named.conf'
Nov  2 17:13:16 metasploitable named[4021]: listening on IPv6 interfaces, port 53
Nov  2 17:13:16 metasploitable named[4021]: listening on IPv4 interface lo, 127.0.0.1#53
Nov  2 17:13:16 metasploitable named[4021]: listening on IPv4 interface eth0, 192.168.56.108#53
Nov  2 17:13:16 metasploitable named[4021]: automatic empty zone: 254.169.IN-ADDR.ARPA
Nov  2 17:13:16 metasploitable named[4021]: automatic empty zone: 2.0.192.IN-ADDR.ARPA
Nov  2 17:13:16 metasploitable named[4021]: automatic empty zone: 255.255.255.255.IN-ADDR.ARPA
Nov  2 17:13:16 metasploitable named[4021]: automatic empty zone: 0.0.0.0.0.0.0.0.0.0.0.0.0.0.0.0.0.0.0.0.0.0.0.0.0.0.0.0.0.0.0.0.IP6.ARPA
Nov  2 17:13:16 metasploitable named[4021]: automatic empty zone: 1.0.0.0.0.0.0.0.0.0.0.0.0.0.0.0.0.0.0.0.0.0.0.0.0.0.0.0.0.0.0.0.IP6.ARPA
Nov  2 17:13:16 metasploitable named[4021]: automatic empty zone: D.F.IP6.ARPA
Nov  2 17:13:16 metasploitable named[4021]: automatic empty zone: 8.E.F.IP6.ARPA
Nov  2 17:13:16 metasploitable named[4021]: automatic empty zone: 9.E.F.IP6.ARPA
Nov  2 17:13:16 metasploitable named[4021]: automatic empty zone: A.E.F.IP6.ARPA
Nov  2 17:13:16 metasploitable named[4021]: automatic empty zone: B.E.F.IP6.ARPA
Nov  2 17:13:16 metasploitable named[4021]: command channel listening on 127.0.0.1#953
Nov  2 17:13:16 metasploitable named[4021]: command channel listening on ::1#953
Nov  2 17:13:16 metasploitable named[4021]: zone 0.in-addr.arpa/IN: loaded serial 1
Nov  2 17:13:16 metasploitable named[4021]: zone 127.in-addr.arpa/IN: loaded serial 1
Nov  2 17:13:16 metasploitable named[4021]: zone 255.in-addr.arpa/IN: loaded serial 1
Nov  2 17:13:16 metasploitable named[4021]: zone localhost/IN: loaded serial 2
Nov  2 17:13:16 metasploitable named[4021]: running
Nov  2 17:13:16 metasploitable mysqld_safe[4159]: started
Nov  2 17:13:16 metasploitable mysqld[4163]: 201102 17:13:16  InnoDB: Started; log sequence number 0 43675
Nov  2 17:13:16 metasploitable mysqld[4163]: 201102 17:13:16 [Note] /usr/sbin/mysqld: ready for connections.
Nov  2 17:13:16 metasploitable mysqld[4163]: Version: '5.0.51a-3ubuntu5'  socket: '/var/run/mysqld/mysqld.sock'  port: 3306  (Ubuntu)
Nov  2 17:13:17 metasploitable /etc/mysql/debian-start[4199]: Upgrading MySQL tables if necessary.
Nov  2 17:13:17 metasploitable /etc/mysql/debian-start[4208]: Looking for 'mysql' in: /usr/bin/mysql
Nov  2 17:13:17 metasploitable /etc/mysql/debian-start[4208]: Looking for 'mysqlcheck' in: /usr/bin/mysqlcheck
Nov  2 17:13:17 metasploitable /etc/mysql/debian-start[4208]: This installation of MySQL is already upgraded to 5.0.51a, use --force if you still need to run mysql_upgrade
Nov  2 17:13:17 metasploitable /etc/mysql/debian-start[4217]: Checking for insecure root accounts.
Nov  2 17:13:17 metasploitable /etc/mysql/debian-start[4223]: WARNING: mysql.user contains 1 root accounts without password!
Nov  2 17:13:17 metasploitable /etc/mysql/debian-start[4225]: Checking for crashed MySQL tables.
Nov  2 17:13:20 metasploitable distccd[4264]: (dcc_setup_daemon_path) daemon's PATH is /sbin:/bin:/usr/sbin:/usr/bin
Nov  2 17:13:20 metasploitable distccd[4264]: (dcc_listen_by_addr) listening on :::3632
Nov  2 17:13:20 metasploitable distccd[4264]: (dcc_standalone_server) 1 CPU online on this server
Nov  2 17:13:20 metasploitable distccd[4264]: (dcc_standalone_server) allowing up to 3 active jobs
Nov  2 17:13:20 metasploitable distccd[4265]: (dcc_log_daemon_started) preforking daemon started (2.18.3 i486-pc-linux-gnu, built May  1 2007 10:25:31)
Nov  2 17:13:20 metasploitable kernel: [   18.167546] Installing knfsd (copyright (C) 1996 okir@monad.swb.de).
Nov  2 17:13:20 metasploitable kernel: [   18.189067] NFSD: Using /var/lib/nfs/v4recovery as the NFSv4 state recovery directory
Nov  2 17:13:20 metasploitable kernel: [   18.189077] NFSD: starting 90-second grace period
Nov  2 17:13:20 metasploitable postfix/master[4394]: daemon started -- version 2.5.1, configuration /etc/postfix
Nov  2 17:13:20 metasploitable xinetd[4419]: Reading included configuration file: /etc/xinetd.d/chargen [file=/etc/xinetd.conf] [line=14]
Nov  2 17:13:20 metasploitable xinetd[4419]: Reading included configuration file: /etc/xinetd.d/daytime [file=/etc/xinetd.d/daytime] [line=28]
Nov  2 17:13:20 metasploitable xinetd[4419]: Reading included configuration file: /etc/xinetd.d/discard [file=/etc/xinetd.d/discard] [line=26]
Nov  2 17:13:20 metasploitable xinetd[4419]: Reading included configuration file: /etc/xinetd.d/echo [file=/etc/xinetd.d/echo] [line=25]
Nov  2 17:13:20 metasploitable xinetd[4419]: Reading included configuration file: /etc/xinetd.d/time [file=/etc/xinetd.d/time] [line=26]
Nov  2 17:13:20 metasploitable xinetd[4419]: Reading included configuration file: /etc/xinetd.d/vsftpd [file=/etc/xinetd.d/vsftpd] [line=28]
Nov  2 17:13:20 metasploitable xinetd[4419]: added service telnet [file=/etc/inetd.conf] [line=2]
Nov  2 17:13:20 metasploitable xinetd[4419]: added service tftp [file=/etc/inetd.conf] [line=4]
Nov  2 17:13:20 metasploitable xinetd[4419]: added service shell [file=/etc/inetd.conf] [line=5]
Nov  2 17:13:20 metasploitable xinetd[4419]: added service login [file=/etc/inetd.conf] [line=6]
Nov  2 17:13:20 metasploitable xinetd[4419]: added service exec [file=/etc/inetd.conf] [line=7]
Nov  2 17:13:20 metasploitable xinetd[4419]: added service ingreslock [file=/etc/inetd.conf] [line=8]
Nov  2 17:13:20 metasploitable xinetd[4419]: removing chargen
Nov  2 17:13:20 metasploitable xinetd[4419]: removing chargen
Nov  2 17:13:20 metasploitable xinetd[4419]: removing daytime
Nov  2 17:13:20 metasploitable xinetd[4419]: removing daytime
Nov  2 17:13:20 metasploitable xinetd[4419]: removing discard
Nov  2 17:13:20 metasploitable xinetd[4419]: removing discard
Nov  2 17:13:20 metasploitable xinetd[4419]: removing echo
Nov  2 17:13:20 metasploitable xinetd[4419]: removing echo
Nov  2 17:13:20 metasploitable xinetd[4419]: removing time
Nov  2 17:13:20 metasploitable xinetd[4419]: removing time
Nov  2 17:13:20 metasploitable xinetd[4419]: xinetd Version 2.3.14 started with libwrap loadavg options compiled in.
Nov  2 17:13:20 metasploitable xinetd[4419]: Started working: 7 available services
Nov  2 17:13:20 metasploitable /usr/sbin/cron[4482]: (CRON) INFO (pidfile fd = 3)
Nov  2 17:13:20 metasploitable /usr/sbin/cron[4483]: (CRON) STARTUP (fork ok)
Nov  2 17:13:20 metasploitable /usr/sbin/cron[4483]: (CRON) INFO (Running @reboot jobs)
Nov  2 17:13:20 metasploitable tomcat5.5: The java-gcj-compat-dev environment currently doesn't
Nov  2 17:13:20 metasploitable tomcat5.5: support a security manager. See README.Debian.
Nov  2 17:13:20 metasploitable jsvc.exec[4512]: Created MBeanServer with ID: 1yu65y:kh13nvkf.0:metasploitable:1 
Nov  2 17:13:21 metasploitable jsvc.exec[4512]: 2-Nov-20 5:13:21 PM org.apache.catalina.core.AprLifecycleListener lifecycleEvent INFO: The Apache Tomcat Native library which allows optimal performance in production environments was not found on the
Nov  2 17:13:21 metasploitable jsvc.exec[4512]:  java.library.path: /usr/lib/../lib/gcj-4.2-81:/usr/lib/jni 
Nov  2 17:13:21 metasploitable jsvc.exec[4512]: 2-Nov-20 5:13:21 PM org.apache.coyote.http11.Http11BaseProtocol init INFO: Initializing Coyote HTTP/1.1 on http-8180 
Nov  2 17:13:21 metasploitable jsvc.exec[4512]: 2-Nov-20 5:13:21 PM org.apache.catalina.startup.Catalina load INFO: Initialization processed in 597 ms 
Nov  2 17:13:21 metasploitable jsvc.exec[4512]: 2-Nov-20 5:13:21 PM org.apache.catalina.core.StandardService start INFO: Starting service Catalina 
Nov  2 17:13:21 metasploitable jsvc.exec[4512]: 2-Nov-20 5:13:21 PM org.apache.catalina.core.StandardEngine start INFO: Starting Servlet Engine: Apache Tomcat/5.5 
Nov  2 17:13:21 metasploitable jsvc.exec[4512]: 2-Nov-20 5:13:21 PM org.apache.catalina.core.StandardHost start INFO: XML validation disabled 
Nov  2 17:13:22 metasploitable jsvc.exec[4512]: 2-Nov-20 5:13:22 PM org.apache.catalina.core.ApplicationContext log INFO: ContextListener: contextInitialized() 
Nov  2 17:13:22 metasploitable jsvc.exec[4512]: 2-Nov-20 5:13:22 PM org.apache.catalina.core.ApplicationContext log INFO: SessionListener: contextInitialized() 
Nov  2 17:13:22 metasploitable jsvc.exec[4512]: 2-Nov-20 5:13:22 PM org.apache.catalina.core.ApplicationContext log INFO: ContextListener: attributeAdded('org.apache.catalina.Registry', 'org.apache.commons.modeler.Registry@7988a0') 
Nov  2 17:13:22 metasploitable jsvc.exec[4512]: 2-Nov-20 5:13:22 PM org.apache.catalina.core.ApplicationContext log INFO: ContextListener: attributeAdded('org.apache.catalina.MBeanServer', 'mx4j.server.MX4JMBeanServer@46ac30') 
Nov  2 17:13:22 metasploitable jsvc.exec[4512]: 2-Nov-20 5:13:22 PM org.apache.catalina.core.ApplicationContext log INFO: ContextListener: contextInitialized() 
Nov  2 17:13:22 metasploitable jsvc.exec[4512]: 2-Nov-20 5:13:22 PM org.apache.catalina.core.ApplicationContext log INFO: SessionListener: contextInitialized() 
Nov  2 17:13:23 metasploitable jsvc.exec[4512]: 2-Nov-20 5:13:23 PM org.apache.catalina.core.ApplicationContext log INFO: ContextListener: attributeAdded('org.apache.catalina.Registry', 'org.apache.commons.modeler.Registry@7988a0') 
Nov  2 17:13:23 metasploitable jsvc.exec[4512]: 2-Nov-20 5:13:23 PM org.apache.catalina.core.ApplicationContext log INFO: ContextListener: attributeAdded('org.apache.catalina.MBeanServer', 'mx4j.server.MX4JMBeanServer@46ac30') 
Nov  2 17:13:24 metasploitable jsvc.exec[4512]: 2-Nov-20 5:13:24 PM org.apache.catalina.core.ApplicationContext log INFO: org.apache.webapp.balancer.BalancerFilter: init(): ruleChain: [org.apache.webapp.balancer.RuleChain: [org.apache.webapp.balanc
Nov  2 17:13:24 metasploitable jsvc.exec[4512]: er.rules.URLStringMatchRule: Target string: News / Redirect URL: http://www.cnn.com], [org.apache.webapp.balancer.rules.RequestParameterRule: Target param name: paramName / Target param value: paramVa
Nov  2 17:13:24 metasploitable jsvc.exec[4512]: lue / Redirect URL: http://www.yahoo.com], [org.apache.webapp.balancer.rules.AcceptEverythingRule: Redirect URL: http://jakarta.apache.org]] 
Nov  2 17:13:25 metasploitable kernel: [   23.883018] eth0: no IPv6 routers present
Nov  2 17:13:25 metasploitable jsvc.exec[4512]: 2-Nov-20 5:13:25 PM org.apache.coyote.http11.Http11BaseProtocol start INFO: Starting Coyote HTTP/1.1 on http-8180 
Nov  2 17:13:26 metasploitable jsvc.exec[4512]: 2-Nov-20 5:13:26 PM org.apache.commons.modeler.modules.MbeansDescriptorsDOMSource execute SEVERE: Error reading descriptors  gnu.xml.dom.ls.DomLSException    at gnu.xml.dom.ls.DomLSParser.doParse(libg
Nov  2 17:13:26 metasploitable jsvc.exec[4512]: cj.so.81)    at gnu.xml.dom.ls.DomLSParser.parse(libgcj.so.81)    at gnu.xml.dom.DomDocumentBuilder.parse(libgcj.so.81)    at org.apache.commons.modeler.util.DomUtil.readXml(DomUtil.java:257)    at or
Nov  2 17:13:26 metasploitable jsvc.exec[4512]: g.apache.commons.modeler.modules.MbeansDescriptorsDOMSource.execute(MbeansDescriptorsDOMSource.java:88)    at org.apache.commons.modeler.modules.MbeansDescriptorsDOMSource.loadDescriptors(MbeansDescri
Nov  2 17:13:26 metasploitable jsvc.exec[4512]: ptorsDOMSource.java:78)    at org.apache.commons.modeler.Registry.load(Registry.java:792)    at org.apache.commons.modeler.Registry.loadDescriptors(Registry.java:901)    at org.apache.commons.modeler.
Nov  2 17:13:26 metasploitable jsvc.exec[4512]: Registry.loadDescriptors(Registry.java:882)    at org.apache.commons.modeler.Registry.findDescriptor(Registry.java:961)    at org.apache.commons.modeler.Registry.findManagedBean(Registry.java:666)    
Nov  2 17:13:26 metasploitable jsvc.exec[4512]: at org.apache.commons.modeler.Registry.findManagedBean(Registry.java:1015)    at org.apache.commons.modeler.Registry.registerComponent(Registry.java:832)    at org.apache.catalina.connector.Connector.
Nov  2 17:13:26 metasploitable jsvc.exec[4512]: start(Connector.java:1077)    at org.apache.catalina.core.StandardService.start(StandardService.java:457)    at org.apache.catalina.core.StandardServer.start(StandardServer.java:700)    at org.apache.
Nov  2 17:13:26 metasploitable jsvc.exec[4512]: catalina.startup.Catalina.start(Catalina.java:552)    at java.lang.reflect.Method.invoke(libgcj.so.81)    at org.apache.catalina.startup.Bootstrap.start(Bootstrap.java:295)    at java.lang.reflect.Met
Nov  2 17:13:26 metasploitable jsvc.exec[4512]: hod.invoke(libgcj.so.81)    at org.apache.commons.daemon.support.DaemonLoader.start(DaemonLoader.java:177) Caused by: org.xml.sax.SAXParseException    at gnu.xml.stream.SAXParser.parse(libgcj.so.81)  
Nov  2 17:13:26 metasploitable jsvc.exec[4512]:   at gnu.xml.dom.ls.DomLSParser.doParse(libgcj.so.81)    ...20 more Caused by: javax.xml.stream.XMLStreamException    at gnu.xml.stream.XMLParser.next(libgcj.so.81)    at gnu.xml.stream.XMLParser.hasN
Nov  2 17:13:26 metasploitable jsvc.exec[4512]: ext(libgcj.so.81)    at gnu.xml.stream.SAXParser.parse(libgcj.so.81)    ...21 more Caused by: java.io.IOException: error resolving http://jakarta.apache.org/commons/dtds/mbeans-descriptors.dtd    at g
Nov  2 17:13:26 metasploitable jsvc.exec[4512]: nu.xml.stream.XMLParser.resolve(libgcj.so.81)    at gnu.xml.stream.XMLParser.pushInput(libgcj.so.81)    at gnu.xml.stream.XMLParser.readDoctypeDecl(libgcj.so.81)    at gnu.xml.stream.XMLParser.next(li
Nov  2 17:13:26 metasploitable jsvc.exec[4512]: bgcj.so.81)    ...23 more Caused by: java.net.UnknownHostException: jakarta.apache.org:80    at gnu.java.net.PlainSocketImpl.connect(libgcj.so.81)    at java.net.Socket.connect(libgcj.so.81)    at jav
Nov  2 17:13:26 metasploitable jsvc.exec[4512]: a.net.Socket.connect(libgcj.so.81)    at gnu.java.net.protocol.http.HTTPConnection.getSocket(libgcj.so.81)    at gnu.java.net.protocol.http.HTTPConnection.getOutputStream(libgcj.so.81)    at gnu.java.
Nov  2 17:13:26 metasploitable jsvc.exec[4512]: net.protocol.http.Request.dispatch(libgcj.so.81)    at gnu.java.net.protocol.http.HTTPURLConnection.connect(libgcj.so.81)    at gnu.java.net.protocol.http.HTTPURLConnection.getInputStream(libgcj.so.81
Nov  2 17:13:26 metasploitable jsvc.exec[4512]: )    at java.net.URL.openStream(libgcj.so.81)    at gnu.xml.stream.XMLParser.resolve(libgcj.so.81)    ...26 more 
Nov  2 17:13:26 metasploitable jsvc.exec[4512]: 2-Nov-20 5:13:26 PM org.apache.jk.common.ChannelSocket init INFO: JK: ajp13 listening on /0.0.0.0:8009 
Nov  2 17:13:26 metasploitable jsvc.exec[4512]: 2-Nov-20 5:13:26 PM org.apache.jk.server.JkMain start INFO: Jk running ID=0 time=0/89  config=null 
Nov  2 17:13:26 metasploitable jsvc.exec[4512]: 2-Nov-20 5:13:26 PM org.apache.catalina.storeconfig.StoreLoader load INFO: Find registry server-registry.xml at classpath resource 
Nov  2 17:13:26 metasploitable jsvc.exec[4512]: 2-Nov-20 5:13:26 PM org.apache.catalina.startup.Catalina start INFO: Server startup in 5033 ms 
Nov  2 17:17:01 metasploitable /USR/SBIN/CRON[4679]: (root) CMD (   cd / && run-parts --report /etc/cron.hourly)
Nov  2 17:18:00 metasploitable dhclient: DHCPREQUEST of <null address> on eth0 to 192.168.56.2 port 67
Nov  2 17:18:00 metasploitable dhclient: DHCPACK of 192.168.56.108 from 192.168.56.2
Nov  2 17:18:00 metasploitable dhclient: can't create /var/lib/dhcp3/dhclient.eth0.leases: Permission denied
Nov  2 17:18:00 metasploitable dhclient: bound to 192.168.56.108 -- renewal in 259 seconds.
Nov  2 17:22:19 metasploitable dhclient: DHCPREQUEST of <null address> on eth0 to 192.168.56.2 port 67
Nov  2 17:22:19 metasploitable dhclient: DHCPACK of 192.168.56.108 from 192.168.56.2
Nov  2 17:22:19 metasploitable dhclient: can't create /var/lib/dhcp3/dhclient.eth0.leases: Permission denied
Nov  2 17:22:19 metasploitable dhclient: bound to 192.168.56.108 -- renewal in 249 seconds.
Nov  2 17:26:28 metasploitable dhclient: DHCPREQUEST of <null address> on eth0 to 192.168.56.2 port 67
Nov  2 17:26:28 metasploitable dhclient: DHCPACK of 192.168.56.108 from 192.168.56.2
Nov  2 17:26:28 metasploitable dhclient: can't create /var/lib/dhcp3/dhclient.eth0.leases: Permission denied
Nov  2 17:26:28 metasploitable dhclient: bound to 192.168.56.108 -- renewal in 259 seconds.
Nov  2 17:30:47 metasploitable dhclient: DHCPREQUEST of <null address> on eth0 to 192.168.56.2 port 67
Nov  2 17:30:47 metasploitable dhclient: DHCPACK of 192.168.56.108 from 192.168.56.2
Nov  2 17:30:47 metasploitable dhclient: can't create /var/lib/dhcp3/dhclient.eth0.leases: Permission denied
Nov  2 17:30:47 metasploitable dhclient: bound to 192.168.56.108 -- renewal in 250 seconds.
Nov  2 17:34:57 metasploitable dhclient: DHCPREQUEST of <null address> on eth0 to 192.168.56.2 port 67
Nov  2 17:34:57 metasploitable dhclient: DHCPACK of 192.168.56.108 from 192.168.56.2
Nov  2 17:34:57 metasploitable dhclient: can't create /var/lib/dhcp3/dhclient.eth0.leases: Permission denied
Nov  2 17:34:57 metasploitable dhclient: bound to 192.168.56.108 -- renewal in 283 seconds.
Nov  2 17:39:01 metasploitable /USR/SBIN/CRON[4751]: (root) CMD (  [ -x /usr/lib/php5/maxlifetime ] && [ -d /var/lib/php5 ] && find /var/lib/php5/ -type f -cmin +$(/usr/lib/php5/maxlifetime) -print0 | xargs -r -0 rm)
Nov  2 17:39:40 metasploitable dhclient: DHCPREQUEST of <null address> on eth0 to 192.168.56.2 port 67
Nov  2 17:39:40 metasploitable dhclient: DHCPACK of 192.168.56.108 from 192.168.56.2
Nov  2 17:39:40 metasploitable dhclient: can't create /var/lib/dhcp3/dhclient.eth0.leases: Permission denied
Nov  2 17:39:40 metasploitable dhclient: bound to 192.168.56.108 -- renewal in 279 seconds.
Nov  2 17:44:19 metasploitable dhclient: DHCPREQUEST of <null address> on eth0 to 192.168.56.2 port 67
Nov  2 17:44:19 metasploitable dhclient: DHCPACK of 192.168.56.108 from 192.168.56.2
Nov  2 17:44:19 metasploitable dhclient: can't create /var/lib/dhcp3/dhclient.eth0.leases: Permission denied
Nov  2 17:44:19 metasploitable dhclient: bound to 192.168.56.108 -- renewal in 298 seconds.
Nov  2 17:49:17 metasploitable dhclient: DHCPREQUEST of <null address> on eth0 to 192.168.56.2 port 67
Nov  2 17:49:17 metasploitable dhclient: DHCPACK of 192.168.56.108 from 192.168.56.2
Nov  2 17:49:17 metasploitable dhclient: can't create /var/lib/dhcp3/dhclient.eth0.leases: Permission denied
Nov  2 17:49:17 metasploitable dhclient: bound to 192.168.56.108 -- renewal in 261 seconds.
Nov  3 12:56:12 metasploitable syslogd 1.5.0#1ubuntu1: restart.
Nov  3 12:56:12 metasploitable kernel: Inspecting /boot/System.map-2.6.24-16-server
Nov  3 12:56:12 metasploitable kernel: Loaded 28738 symbols from /boot/System.map-2.6.24-16-server.
Nov  3 12:56:12 metasploitable kernel: Symbols match kernel version 2.6.24.
Nov  3 12:56:12 metasploitable kernel: Loaded 14942 symbols from 56 modules.
Nov  3 12:56:12 metasploitable kernel: [    0.000000] Initializing cgroup subsys cpuset
Nov  3 12:56:12 metasploitable kernel: [    0.000000] Initializing cgroup subsys cpu
Nov  3 12:56:12 metasploitable kernel: [    0.000000] Linux version 2.6.24-16-server (buildd@palmer) (gcc version 4.2.3 (Ubuntu 4.2.3-2ubuntu7)) #1 SMP Thu Apr 10 13:58:00 UTC 2008 (Ubuntu 2.6.24-16.30-server)
Nov  3 12:56:12 metasploitable kernel: [    0.000000] BIOS-provided physical RAM map:
Nov  3 12:56:12 metasploitable kernel: [    0.000000]  BIOS-e820: 0000000000000000 - 000000000009fc00 (usable)
Nov  3 12:56:12 metasploitable kernel: [    0.000000]  BIOS-e820: 000000000009fc00 - 00000000000a0000 (reserved)
Nov  3 12:56:12 metasploitable kernel: [    0.000000]  BIOS-e820: 00000000000f0000 - 0000000000100000 (reserved)
Nov  3 12:56:12 metasploitable kernel: [    0.000000]  BIOS-e820: 0000000000100000 - 000000003fff0000 (usable)
Nov  3 12:56:12 metasploitable kernel: [    0.000000]  BIOS-e820: 000000003fff0000 - 0000000040000000 (ACPI data)
Nov  3 12:56:12 metasploitable kernel: [    0.000000]  BIOS-e820: 00000000fec00000 - 00000000fec01000 (reserved)
Nov  3 12:56:12 metasploitable kernel: [    0.000000]  BIOS-e820: 00000000fee00000 - 00000000fee01000 (reserved)
Nov  3 12:56:12 metasploitable kernel: [    0.000000]  BIOS-e820: 00000000fffc0000 - 0000000100000000 (reserved)
Nov  3 12:56:12 metasploitable kernel: [    0.000000] 127MB HIGHMEM available.
Nov  3 12:56:12 metasploitable kernel: [    0.000000] 896MB LOWMEM available.
Nov  3 12:56:12 metasploitable kernel: [    0.000000] found SMP MP-table at 0009fff0
Nov  3 12:56:12 metasploitable kernel: [    0.000000] NX (Execute Disable) protection: active
Nov  3 12:56:12 metasploitable kernel: [    0.000000] Entering add_active_range(0, 0, 262128) 0 entries of 256 used
Nov  3 12:56:12 metasploitable kernel: [    0.000000] Zone PFN ranges:
Nov  3 12:56:12 metasploitable kernel: [    0.000000]   DMA             0 ->     4096
Nov  3 12:56:12 metasploitable kernel: [    0.000000]   Normal       4096 ->   229376
Nov  3 12:56:12 metasploitable kernel: [    0.000000]   HighMem    229376 ->   262128
Nov  3 12:56:12 metasploitable kernel: [    0.000000] Movable zone start PFN for each node
Nov  3 12:56:12 metasploitable kernel: [    0.000000] early_node_map[1] active PFN ranges
Nov  3 12:56:12 metasploitable kernel: [    0.000000]     0:        0 ->   262128
Nov  3 12:56:12 metasploitable kernel: [    0.000000] On node 0 totalpages: 262128
Nov  3 12:56:12 metasploitable kernel: [    0.000000]   DMA zone: 32 pages used for memmap
Nov  3 12:56:12 metasploitable kernel: [    0.000000]   DMA zone: 0 pages reserved
Nov  3 12:56:12 metasploitable kernel: [    0.000000]   DMA zone: 4064 pages, LIFO batch:0
Nov  3 12:56:12 metasploitable kernel: [    0.000000]   Normal zone: 1760 pages used for memmap
Nov  3 12:56:12 metasploitable kernel: [    0.000000]   Normal zone: 223520 pages, LIFO batch:31
Nov  3 12:56:12 metasploitable kernel: [    0.000000]   HighMem zone: 255 pages used for memmap
Nov  3 12:56:12 metasploitable kernel: [    0.000000]   HighMem zone: 32497 pages, LIFO batch:7
Nov  3 12:56:12 metasploitable kernel: [    0.000000]   Movable zone: 0 pages used for memmap
Nov  3 12:56:12 metasploitable kernel: [    0.000000] DMI 2.5 present.
Nov  3 12:56:12 metasploitable kernel: [    0.000000] ACPI: RSDP signature @ 0xC00E0000 checksum 0
Nov  3 12:56:12 metasploitable kernel: [    0.000000] ACPI: RSDP 000E0000, 0024 (r2 VBOX  )
Nov  3 12:56:12 metasploitable kernel: [    0.000000] ACPI: XSDT 3FFF0030, 003C (r1 VBOX   VBOXXSDT        1 ASL        61)
Nov  3 12:56:12 metasploitable kernel: [    0.000000] ACPI: FACP 3FFF00F0, 00F4 (r4 VBOX   VBOXFACP        1 ASL        61)
Nov  3 12:56:12 metasploitable kernel: [    0.000000] ACPI: DSDT 3FFF0470, 2325 (r2 VBOX   VBOXBIOS        2 INTL 20100528)
Nov  3 12:56:12 metasploitable kernel: [    0.000000] ACPI: FACS 3FFF0200, 0040
Nov  3 12:56:12 metasploitable kernel: [    0.000000] ACPI: APIC 3FFF0240, 0054 (r2 VBOX   VBOXAPIC        1 ASL        61)
Nov  3 12:56:12 metasploitable kernel: [    0.000000] ACPI: SSDT 3FFF02A0, 01CC (r1 VBOX   VBOXCPUT        2 INTL 20100528)
Nov  3 12:56:12 metasploitable kernel: [    0.000000] ACPI: PM-Timer IO Port: 0x4008
Nov  3 12:56:12 metasploitable kernel: [    0.000000] ACPI: Local APIC address 0xfee00000
Nov  3 12:56:12 metasploitable kernel: [    0.000000] ACPI: LAPIC (acpi_id[0x00] lapic_id[0x00] enabled)
Nov  3 12:56:12 metasploitable kernel: [    0.000000] Processor #0 15:14 APIC version 20
Nov  3 12:56:12 metasploitable kernel: [    0.000000] ACPI: IOAPIC (id[0x01] address[0xfec00000] gsi_base[0])
Nov  3 12:56:12 metasploitable kernel: [    0.000000] IOAPIC[0]: apic_id 1, version 32, address 0xfec00000, GSI 0-23
Nov  3 12:56:12 metasploitable kernel: [    0.000000] ACPI: INT_SRC_OVR (bus 0 bus_irq 0 global_irq 2 dfl dfl)
Nov  3 12:56:12 metasploitable kernel: [    0.000000] ACPI: INT_SRC_OVR (bus 0 bus_irq 9 global_irq 9 low level)
Nov  3 12:56:12 metasploitable kernel: [    0.000000] ACPI: IRQ0 used by override.
Nov  3 12:56:12 metasploitable kernel: [    0.000000] ACPI: IRQ2 used by override.
Nov  3 12:56:12 metasploitable kernel: [    0.000000] ACPI: IRQ9 used by override.
Nov  3 12:56:12 metasploitable kernel: [    0.000000] Enabling APIC mode:  Flat.  Using 1 I/O APICs
Nov  3 12:56:12 metasploitable kernel: [    0.000000] Using ACPI (MADT) for SMP configuration information
Nov  3 12:56:12 metasploitable kernel: [    0.000000] Allocating PCI resources starting at 50000000 (gap: 40000000:bec00000)
Nov  3 12:56:12 metasploitable kernel: [    0.000000] swsusp: Registered nosave memory region: 000000000009f000 - 00000000000a0000
Nov  3 12:56:12 metasploitable kernel: [    0.000000] swsusp: Registered nosave memory region: 00000000000a0000 - 00000000000f0000
Nov  3 12:56:12 metasploitable kernel: [    0.000000] swsusp: Registered nosave memory region: 00000000000f0000 - 0000000000100000
Nov  3 12:56:12 metasploitable kernel: [    0.000000] Built 1 zonelists in Zone order, mobility grouping on.  Total pages: 260081
Nov  3 12:56:12 metasploitable kernel: [    0.000000] Kernel command line: root=/dev/mapper/metasploitable-root ro quiet splash
Nov  3 12:56:12 metasploitable kernel: [    0.000000] mapped APIC to ffffb000 (fee00000)
Nov  3 12:56:12 metasploitable kernel: [    0.000000] mapped IOAPIC to ffffa000 (fec00000)
Nov  3 12:56:12 metasploitable kernel: [    0.000000] Enabling fast FPU save and restore... done.
Nov  3 12:56:12 metasploitable kernel: [    0.000000] Enabling unmasked SIMD FPU exception support... done.
Nov  3 12:56:12 metasploitable kernel: [    0.000000] Initializing CPU#0
Nov  3 12:56:12 metasploitable kernel: [    0.000000] PID hash table entries: 4096 (order: 12, 16384 bytes)
Nov  3 12:56:12 metasploitable kernel: [    0.000000] Detected 2303.572 MHz processor.
Nov  3 12:56:12 metasploitable kernel: [    5.319432] Console: colour VGA+ 80x25
Nov  3 12:56:12 metasploitable kernel: [    5.319434] console [tty0] enabled
Nov  3 12:56:12 metasploitable kernel: [    5.319456] Dentry cache hash table entries: 131072 (order: 7, 524288 bytes)
Nov  3 12:56:12 metasploitable kernel: [    5.319561] Inode-cache hash table entries: 65536 (order: 6, 262144 bytes)
Nov  3 12:56:12 metasploitable kernel: [    5.326253] Memory: 1026828k/1048512k available (2255k kernel code, 21028k reserved, 1032k data, 384k init, 131008k highmem)
Nov  3 12:56:12 metasploitable kernel: [    5.326256] virtual kernel memory layout:
Nov  3 12:56:12 metasploitable kernel: [    5.326256]     fixmap  : 0xfff4c000 - 0xfffff000   ( 716 kB)
Nov  3 12:56:12 metasploitable kernel: [    5.326256]     pkmap   : 0xffc00000 - 0xffe00000   (2048 kB)
Nov  3 12:56:12 metasploitable kernel: [    5.326257]     vmalloc : 0xf8800000 - 0xffbfe000   ( 115 MB)
Nov  3 12:56:12 metasploitable kernel: [    5.326257]     lowmem  : 0xc0000000 - 0xf8000000   ( 896 MB)
Nov  3 12:56:12 metasploitable kernel: [    5.326257]       .init : 0xc043c000 - 0xc049c000   ( 384 kB)
Nov  3 12:56:12 metasploitable kernel: [    5.326258]       .data : 0xc0333e95 - 0xc0435fe4   (1032 kB)
Nov  3 12:56:12 metasploitable kernel: [    5.326258]       .text : 0xc0100000 - 0xc0333e95   (2255 kB)
Nov  3 12:56:12 metasploitable kernel: [    5.326259] Checking if this processor honours the WP bit even in supervisor mode... Ok.
Nov  3 12:56:12 metasploitable kernel: [    5.327168] SLUB: Genslabs=11, HWalign=64, Order=0-1, MinObjects=4, CPUs=1, Nodes=1
Nov  3 12:56:12 metasploitable kernel: [    5.477618] Calibrating delay using timer specific routine.. 4748.52 BogoMIPS (lpj=23742629)
Nov  3 12:56:12 metasploitable kernel: [    5.477618] Security Framework initialized
Nov  3 12:56:12 metasploitable kernel: [    5.477618] SELinux:  Disabled at boot.
Nov  3 12:56:12 metasploitable kernel: [    5.477618] AppArmor: AppArmor initialized
Nov  3 12:56:12 metasploitable kernel: [    5.477618] Failure registering capabilities with primary security module.
Nov  3 12:56:12 metasploitable kernel: [    5.477618] Mount-cache hash table entries: 512
Nov  3 12:56:12 metasploitable kernel: [    5.478445] Initializing cgroup subsys ns
Nov  3 12:56:12 metasploitable kernel: [    5.478449] Initializing cgroup subsys cpuacct
Nov  3 12:56:12 metasploitable kernel: [    5.478499] CPU: After generic identify, caps: 178bfbff 28100800 00000000 00000000 d6fa220b 00000000 00000121 00000000
Nov  3 12:56:12 metasploitable kernel: [    5.478502] monitor/mwait feature present.
Nov  3 12:56:12 metasploitable kernel: [    5.478502] using mwait in idle threads.
Nov  3 12:56:12 metasploitable kernel: [    5.478535] CPU: L1 I cache: 32K, L1 D cache: 32K
Nov  3 12:56:12 metasploitable kernel: [    5.478535] CPU: L2 cache: 256K
Nov  3 12:56:12 metasploitable kernel: [    5.478536] CPU: L3 cache: 16384K
Nov  3 12:56:12 metasploitable kernel: [    5.478562] CPU: Hyper-Threading is disabled
Nov  3 12:56:12 metasploitable kernel: [    5.478563] CPU: After all inits, caps: 178bfbff 28100800 00000000 00000140 d6fa220b 00000000 00000121 00000000
Nov  3 12:56:12 metasploitable kernel: [    5.478566] Compat vDSO mapped to ffffe000.
Nov  3 12:56:12 metasploitable kernel: [    5.478593] Checking 'hlt' instruction... OK.
Nov  3 12:56:12 metasploitable kernel: [    5.519231] SMP alternatives: switching to UP code
Nov  3 12:56:12 metasploitable kernel: [    5.523348] Freeing SMP alternatives: 12k freed
Nov  3 12:56:12 metasploitable kernel: [    5.523381] Early unpacking initramfs... done
Nov  3 12:56:12 metasploitable kernel: [    5.706550] ACPI: Core revision 20070126
Nov  3 12:56:12 metasploitable kernel: [    5.706564] ACPI: Looking for DSDT in initramfs... error, file /DSDT.aml not found.
Nov  3 12:56:12 metasploitable kernel: [    5.706939] CPU0: Intel(R) Core(TM) i9-9880H CPU @ 2.30GHz stepping 0d
Nov  3 12:56:12 metasploitable kernel: [    5.707408] Total of 1 processors activated (4748.52 BogoMIPS).
Nov  3 12:56:12 metasploitable kernel: [    5.707840] ENABLING IO-APIC IRQs
Nov  3 12:56:12 metasploitable kernel: [    5.708089] ..TIMER: vector=0x31 apic1=0 pin1=2 apic2=-1 pin2=-1
Nov  3 12:56:12 metasploitable kernel: [    5.926709] Brought up 1 CPUs
Nov  3 12:56:12 metasploitable kernel: [    5.926765] CPU0 attaching sched-domain:
Nov  3 12:56:12 metasploitable kernel: [    5.926766]  domain 0: span 01
Nov  3 12:56:12 metasploitable kernel: [    5.926767]   groups: 01
Nov  3 12:56:12 metasploitable kernel: [    5.926818] net_namespace: 64 bytes
Nov  3 12:56:12 metasploitable kernel: [    5.926821] Booting paravirtualized kernel on bare hardware
Nov  3 12:56:12 metasploitable kernel: [    5.926973] Time: 17:56:03  Date: 11/03/20
Nov  3 12:56:12 metasploitable kernel: [    5.926980] NET: Registered protocol family 16
Nov  3 12:56:12 metasploitable kernel: [    5.927025] EISA bus registered
Nov  3 12:56:12 metasploitable kernel: [    5.927070] ACPI: bus type pci registered
Nov  3 12:56:12 metasploitable kernel: [    5.927109] PCI: PCI BIOS revision 2.10 entry at 0xfda26, last bus=0
Nov  3 12:56:12 metasploitable kernel: [    5.927110] PCI: Using configuration type 1
Nov  3 12:56:12 metasploitable kernel: [    5.927111] Setting up standard PCI resources
Nov  3 12:56:12 metasploitable kernel: [    5.928092] ACPI: EC: Look up EC in DSDT
Nov  3 12:56:12 metasploitable kernel: [    5.930868] ACPI: Interpreter enabled
Nov  3 12:56:12 metasploitable kernel: [    5.930869] ACPI: (supports S0 S1 S4 S5)
Nov  3 12:56:12 metasploitable kernel: [    5.930873] ACPI: Using IOAPIC for interrupt routing
Nov  3 12:56:12 metasploitable kernel: [    5.932797] ACPI: PCI Root Bridge [PCI0] (0000:00)
Nov  3 12:56:12 metasploitable kernel: [    5.938224] PCI quirk: region 4000-403f claimed by PIIX4 ACPI
Nov  3 12:56:12 metasploitable kernel: [    5.938234] PCI quirk: region 4100-410f claimed by PIIX4 SMB
Nov  3 12:56:12 metasploitable kernel: [    5.939559] ACPI: PCI Interrupt Routing Table [\_SB_.PCI0._PRT]
Nov  3 12:56:12 metasploitable kernel: [    5.946353] ACPI: PCI Interrupt Link [LNKA] (IRQs 5 9 10 *11)
Nov  3 12:56:12 metasploitable kernel: [    5.946480] ACPI: PCI Interrupt Link [LNKB] (IRQs 5 9 *10 11)
Nov  3 12:56:12 metasploitable kernel: [    5.946539] ACPI: PCI Interrupt Link [LNKC] (IRQs 5 *9 10 11)
Nov  3 12:56:12 metasploitable kernel: [    5.946596] ACPI: PCI Interrupt Link [LNKD] (IRQs 5 9 10 *11)
Nov  3 12:56:12 metasploitable kernel: [    5.946649] Linux Plug and Play Support v0.97 (c) Adam Belay
Nov  3 12:56:12 metasploitable kernel: [    5.946656] pnp: PnP ACPI init
Nov  3 12:56:12 metasploitable kernel: [    5.946659] ACPI: bus type pnp registered
Nov  3 12:56:12 metasploitable kernel: [    5.947418] pnp: PnP ACPI: found 4 devices
Nov  3 12:56:12 metasploitable kernel: [    5.947419] ACPI: ACPI bus type pnp unregistered
Nov  3 12:56:12 metasploitable kernel: [    5.947421] PnPBIOS: Disabled by ACPI PNP
Nov  3 12:56:12 metasploitable kernel: [    5.947474] PCI: Using ACPI for IRQ routing
Nov  3 12:56:12 metasploitable kernel: [    5.947475] PCI: If a device doesn't work, try "pci=routeirq".  If it helps, post a report
Nov  3 12:56:12 metasploitable kernel: [    5.967215] NET: Registered protocol family 8
Nov  3 12:56:12 metasploitable kernel: [    5.967256] NET: Registered protocol family 20
Nov  3 12:56:12 metasploitable kernel: [    5.967535] NetLabel: Initializing
Nov  3 12:56:12 metasploitable kernel: [    5.967547] NetLabel:  domain hash size = 128
Nov  3 12:56:12 metasploitable kernel: [    5.967559] NetLabel:  protocols = UNLABELED CIPSOv4
Nov  3 12:56:12 metasploitable kernel: [    5.967573] NetLabel:  unlabeled traffic allowed by default
Nov  3 12:56:12 metasploitable kernel: [    5.967598] AppArmor: AppArmor Filesystem Enabled
Nov  3 12:56:12 metasploitable kernel: [    5.976675] Time: tsc clocksource has been installed.
Nov  3 12:56:12 metasploitable kernel: [    6.028313] NET: Registered protocol family 2
Nov  3 12:56:12 metasploitable kernel: [    6.126949] IP route cache hash table entries: 32768 (order: 5, 131072 bytes)
Nov  3 12:56:12 metasploitable kernel: [    6.127143] TCP established hash table entries: 131072 (order: 8, 1048576 bytes)
Nov  3 12:56:12 metasploitable kernel: [    6.128641] TCP bind hash table entries: 65536 (order: 7, 524288 bytes)
Nov  3 12:56:12 metasploitable kernel: [    6.128753] TCP: Hash tables configured (established 131072 bind 65536)
Nov  3 12:56:12 metasploitable kernel: [    6.128792] TCP reno registered
Nov  3 12:56:12 metasploitable kernel: [    6.157890] checking if image is initramfs... it is
Nov  3 12:56:12 metasploitable kernel: [    6.496490] Freeing initrd memory: 7743k freed
Nov  3 12:56:12 metasploitable kernel: [    6.496725] audit: initializing netlink socket (disabled)
Nov  3 12:56:12 metasploitable kernel: [    6.496746] audit(1604426164.070:1): initialized
Nov  3 12:56:12 metasploitable kernel: [    6.496812] highmem bounce pool size: 64 pages
Nov  3 12:56:12 metasploitable kernel: [    6.496814] Total HugeTLB memory allocated, 0
Nov  3 12:56:12 metasploitable kernel: [    6.497282] VFS: Disk quotas dquot_6.5.1
Nov  3 12:56:12 metasploitable kernel: [    6.497301] Dquot-cache hash table entries: 1024 (order 0, 4096 bytes)
Nov  3 12:56:12 metasploitable kernel: [    6.497350] io scheduler noop registered
Nov  3 12:56:12 metasploitable kernel: [    6.497351] io scheduler anticipatory registered
Nov  3 12:56:12 metasploitable kernel: [    6.497352] io scheduler deadline registered (default)
Nov  3 12:56:12 metasploitable kernel: [    6.497356] io scheduler cfq registered
Nov  3 12:56:12 metasploitable kernel: [    6.497358] Limiting direct PCI/PCI transfers.
Nov  3 12:56:12 metasploitable kernel: [    6.497377] Activating ISA DMA hang workarounds.
Nov  3 12:56:12 metasploitable kernel: [    6.497389] Boot video device is 0000:00:02.0
Nov  3 12:56:12 metasploitable kernel: [    6.497504] isapnp: Scanning for PnP cards...
Nov  3 12:56:12 metasploitable kernel: [    6.536800] Switched to high resolution mode on CPU 0
Nov  3 12:56:12 metasploitable kernel: [    6.877690] isapnp: No Plug & Play device found
Nov  3 12:56:12 metasploitable kernel: [    6.884529] Real Time Clock Driver v1.12ac
Nov  3 12:56:12 metasploitable kernel: [    6.884548] Serial: 8250/16550 driver $Revision: 1.90 $ 4 ports, IRQ sharing enabled
Nov  3 12:56:12 metasploitable kernel: [    6.884845] RAMDISK driver initialized: 16 RAM disks of 65536K size 1024 blocksize
Nov  3 12:56:12 metasploitable kernel: [    6.884863] input: Macintosh mouse button emulation as /devices/virtual/input/input0
Nov  3 12:56:12 metasploitable kernel: [    6.884885] PNP: PS/2 Controller [PNP0303:PS2K,PNP0f03:PS2M] at 0x60,0x64 irq 1,12
Nov  3 12:56:12 metasploitable kernel: [    6.885130] serio: i8042 KBD port at 0x60,0x64 irq 1
Nov  3 12:56:12 metasploitable kernel: [    6.885131] serio: i8042 AUX port at 0x60,0x64 irq 12
Nov  3 12:56:12 metasploitable kernel: [    6.897047] mice: PS/2 mouse device common for all mice
Nov  3 12:56:12 metasploitable kernel: [    6.897299] input: AT Translated Set 2 keyboard as /devices/platform/i8042/serio0/input/input1
Nov  3 12:56:12 metasploitable kernel: [    6.897306] EISA: Probing bus 0 at eisa.0
Nov  3 12:56:12 metasploitable kernel: [    6.897318] Cannot allocate resource for EISA slot 4
Nov  3 12:56:12 metasploitable kernel: [    6.897329] EISA: Detected 0 cards.
Nov  3 12:56:12 metasploitable kernel: [    6.897330] cpuidle: using governor ladder
Nov  3 12:56:12 metasploitable kernel: [    6.897331] cpuidle: using governor menu
Nov  3 12:56:12 metasploitable kernel: [    6.897362] NET: Registered protocol family 1
Nov  3 12:56:12 metasploitable kernel: [    6.897372] Using IPI No-Shortcut mode
Nov  3 12:56:12 metasploitable kernel: [    6.897382] registered taskstats version 1
Nov  3 12:56:12 metasploitable kernel: [    6.897474]   Magic number: 12:948:945
Nov  3 12:56:12 metasploitable kernel: [    6.897482]   hash matches device ttya0
Nov  3 12:56:12 metasploitable kernel: [    6.897518]   hash matches device tty2
Nov  3 12:56:12 metasploitable kernel: [    6.897523] BIOS EDD facility v0.16 2004-Jun-25, 6 devices found
Nov  3 12:56:12 metasploitable kernel: [    6.897608] Freeing unused kernel memory: 384k freed
Nov  3 12:56:12 metasploitable kernel: [    7.038647] fuse init (API version 7.9)
Nov  3 12:56:12 metasploitable kernel: [    7.050156] device-mapper: uevent: version 1.0.3
Nov  3 12:56:12 metasploitable kernel: [    7.050167] device-mapper: ioctl: 4.12.0-ioctl (2007-10-02) initialised: dm-devel@redhat.com
Nov  3 12:56:12 metasploitable kernel: [    7.139014] SCSI subsystem initialized
Nov  3 12:56:12 metasploitable kernel: [    7.150366] libata version 3.00 loaded.
Nov  3 12:56:12 metasploitable kernel: [    7.157161] ata_piix 0000:00:01.1: version 2.12
Nov  3 12:56:12 metasploitable kernel: [    7.157231] PCI: Setting latency timer of device 0000:00:01.1 to 64
Nov  3 12:56:12 metasploitable kernel: [    7.157338] scsi0 : ata_piix
Nov  3 12:56:12 metasploitable kernel: [    7.160015] scsi1 : ata_piix
Nov  3 12:56:12 metasploitable kernel: [    7.160025] ata1: PATA max UDMA/33 cmd 0x1f0 ctl 0x3f6 bmdma 0xd000 irq 14
Nov  3 12:56:12 metasploitable kernel: [    7.160026] ata2: PATA max UDMA/33 cmd 0x170 ctl 0x376 bmdma 0xd008 irq 15
Nov  3 12:56:12 metasploitable kernel: [    7.169648] Intel(R) PRO/1000 Network Driver - version 7.3.20-k2-NAPI
Nov  3 12:56:12 metasploitable kernel: [    7.169649] Copyright (c) 1999-2006 Intel Corporation.
Nov  3 12:56:12 metasploitable kernel: [    7.182481] usbcore: registered new interface driver usbfs
Nov  3 12:56:12 metasploitable kernel: [    7.182488] usbcore: registered new interface driver hub
Nov  3 12:56:12 metasploitable kernel: [    7.185397] usbcore: registered new device driver usb
Nov  3 12:56:12 metasploitable kernel: [    7.189131] ohci_hcd: 2006 August 04 USB 1.1 'Open' Host Controller (OHCI) Driver
Nov  3 12:56:12 metasploitable kernel: [    7.646283] ata2.00: ATAPI: VBOX CD-ROM, 1.0, max UDMA/133
Nov  3 12:56:12 metasploitable kernel: [    7.804802] ata2.00: configured for UDMA/33
Nov  3 12:56:12 metasploitable kernel: [    7.805025] scsi 1:0:0:0: CD-ROM            VBOX     CD-ROM           1.0  PQ: 0 ANSI: 5
Nov  3 12:56:12 metasploitable kernel: [    7.806096] ACPI: PCI Interrupt 0000:00:03.0[A] -> GSI 19 (level, low) -> IRQ 16
Nov  3 12:56:12 metasploitable kernel: [    7.806128] PCI: Setting latency timer of device 0000:00:03.0 to 64
Nov  3 12:56:12 metasploitable kernel: [    8.159490] e1000: 0000:00:03.0: e1000_probe: (PCI:33MHz:32-bit) 08:00:27:15:78:88
Nov  3 12:56:12 metasploitable kernel: [    8.207692] e1000: eth0: e1000_probe: Intel(R) PRO/1000 Network Connection
Nov  3 12:56:12 metasploitable kernel: [    8.207828] ACPI: PCI Interrupt 0000:00:06.0[A] -> GSI 22 (level, low) -> IRQ 17
Nov  3 12:56:12 metasploitable kernel: [    8.207862] PCI: Setting latency timer of device 0000:00:06.0 to 64
Nov  3 12:56:12 metasploitable kernel: [    8.207872] ohci_hcd 0000:00:06.0: OHCI Host Controller
Nov  3 12:56:12 metasploitable kernel: [    8.207932] ohci_hcd 0000:00:06.0: new USB bus registered, assigned bus number 1
Nov  3 12:56:12 metasploitable kernel: [    8.207951] ohci_hcd 0000:00:06.0: irq 17, io mem 0xf0804000
Nov  3 12:56:12 metasploitable kernel: [    8.265386] usb usb1: configuration #1 chosen from 1 choice
Nov  3 12:56:12 metasploitable kernel: [    8.265397] hub 1-0:1.0: USB hub found
Nov  3 12:56:12 metasploitable kernel: [    8.265406] hub 1-0:1.0: 12 ports detected
Nov  3 12:56:12 metasploitable kernel: [    8.374062] ahci 0000:00:0d.0: version 3.0
Nov  3 12:56:12 metasploitable kernel: [    8.374163] ACPI: PCI Interrupt 0000:00:0d.0[A] -> GSI 21 (level, low) -> IRQ 18
Nov  3 12:56:12 metasploitable kernel: [    9.382721] ahci 0000:00:0d.0: AHCI 0001.0100 32 slots 1 ports 3 Gbps 0x1 impl SATA mode
Nov  3 12:56:12 metasploitable kernel: [    9.382723] ahci 0000:00:0d.0: flags: 64bit ncq stag only 
Nov  3 12:56:12 metasploitable kernel: [    9.382742] PCI: Setting latency timer of device 0000:00:0d.0 to 64
Nov  3 12:56:12 metasploitable kernel: [    9.382806] scsi2 : ahci
Nov  3 12:56:12 metasploitable kernel: [    9.382827] ata3: SATA max UDMA/133 abar m8192@0xf0806000 port 0xf0806100 irq 18
Nov  3 12:56:12 metasploitable kernel: [    9.672297] usb 1-1: new full speed USB device using ohci_hcd and address 2
Nov  3 12:56:12 metasploitable kernel: [    9.892223] ata3: SATA link up 3.0 Gbps (SStatus 123 SControl 300)
Nov  3 12:56:12 metasploitable kernel: [    9.892416] ata3.00: ATA-6: VBOX HARDDISK, 1.0, max UDMA/133
Nov  3 12:56:12 metasploitable kernel: [    9.892417] ata3.00: 16777216 sectors, multi 128: LBA48 NCQ (depth 31/32)
Nov  3 12:56:12 metasploitable kernel: [    9.892719] ata3.00: configured for UDMA/133
Nov  3 12:56:12 metasploitable kernel: [    9.892759] scsi 2:0:0:0: Direct-Access     ATA      VBOX HARDDISK    1.0  PQ: 0 ANSI: 5
Nov  3 12:56:12 metasploitable kernel: [    9.893379] ACPI: PCI Interrupt 0000:00:0b.0[A] -> GSI 19 (level, low) -> IRQ 16
Nov  3 12:56:12 metasploitable kernel: [    9.893412] PCI: Setting latency timer of device 0000:00:0b.0 to 64
Nov  3 12:56:12 metasploitable kernel: [    9.893423] ehci_hcd 0000:00:0b.0: EHCI Host Controller
Nov  3 12:56:12 metasploitable kernel: [    9.893433] ehci_hcd 0000:00:0b.0: new USB bus registered, assigned bus number 2
Nov  3 12:56:12 metasploitable kernel: [    9.893587] ehci_hcd 0000:00:0b.0: irq 16, io mem 0xf0805000
Nov  3 12:56:12 metasploitable kernel: [    9.895530] Driver 'sd' needs updating - please use bus_type methods
Nov  3 12:56:12 metasploitable kernel: [    9.895548] sd 2:0:0:0: [sda] 16777216 512-byte hardware sectors (8590 MB)
Nov  3 12:56:12 metasploitable kernel: [    9.895551] sd 2:0:0:0: [sda] Write Protect is off
Nov  3 12:56:12 metasploitable kernel: [    9.895552] sd 2:0:0:0: [sda] Mode Sense: 00 3a 00 00
Nov  3 12:56:12 metasploitable kernel: [    9.895555] sd 2:0:0:0: [sda] Write cache: enabled, read cache: enabled, doesn't support DPO or FUA
Nov  3 12:56:12 metasploitable kernel: [    9.895568] sd 2:0:0:0: [sda] 16777216 512-byte hardware sectors (8590 MB)
Nov  3 12:56:12 metasploitable kernel: [    9.895570] sd 2:0:0:0: [sda] Write Protect is off
Nov  3 12:56:12 metasploitable kernel: [    9.895571] sd 2:0:0:0: [sda] Mode Sense: 00 3a 00 00
Nov  3 12:56:12 metasploitable kernel: [    9.895574] sd 2:0:0:0: [sda] Write cache: enabled, read cache: enabled, doesn't support DPO or FUA
Nov  3 12:56:12 metasploitable kernel: [    9.895575]  sda: sda1 sda2 < sda5 >
Nov  3 12:56:12 metasploitable kernel: [    9.896805] sd 2:0:0:0: [sda] Attached SCSI disk
Nov  3 12:56:12 metasploitable kernel: [    9.898570] scsi 1:0:0:0: Attached scsi generic sg0 type 5
Nov  3 12:56:12 metasploitable kernel: [    9.898576] sd 2:0:0:0: Attached scsi generic sg1 type 0
Nov  3 12:56:12 metasploitable kernel: [    9.986293] Attempting manual resume
Nov  3 12:56:12 metasploitable kernel: [    9.986294] swsusp: Resume From Partition 254:1
Nov  3 12:56:12 metasploitable kernel: [    9.986295] PM: Checking swsusp image.
Nov  3 12:56:12 metasploitable kernel: [    9.986483] PM: Resume from disk failed.
Nov  3 12:56:12 metasploitable kernel: [    9.992051] EXT3-fs: INFO: recovery required on readonly filesystem.
Nov  3 12:56:12 metasploitable kernel: [    9.992051] EXT3-fs: write access will be enabled during recovery.
Nov  3 12:56:12 metasploitable kernel: [   10.029744] kjournald starting.  Commit interval 5 seconds
Nov  3 12:56:12 metasploitable kernel: [   10.029750] EXT3-fs: dm-0: orphan cleanup on readonly fs
Nov  3 12:56:12 metasploitable kernel: [   10.029753] ext3_orphan_cleanup: deleting unreferenced inode 245769
Nov  3 12:56:12 metasploitable kernel: [   10.029769] ext3_orphan_cleanup: deleting unreferenced inode 245768
Nov  3 12:56:12 metasploitable kernel: [   10.029771] ext3_orphan_cleanup: deleting unreferenced inode 245767
Nov  3 12:56:12 metasploitable kernel: [   10.029772] ext3_orphan_cleanup: deleting unreferenced inode 245766
Nov  3 12:56:12 metasploitable kernel: [   10.029774] ext3_orphan_cleanup: deleting unreferenced inode 245765
Nov  3 12:56:12 metasploitable kernel: [   10.029775] ext3_orphan_cleanup: deleting unreferenced inode 245764
Nov  3 12:56:12 metasploitable kernel: [   10.029777] EXT3-fs: dm-0: 6 orphan inodes deleted
Nov  3 12:56:12 metasploitable kernel: [   10.029777] EXT3-fs: recovery complete.
Nov  3 12:56:12 metasploitable kernel: [   10.030111] EXT3-fs: mounted filesystem with ordered data mode.
Nov  3 12:56:12 metasploitable kernel: [   10.481344] ehci_hcd 0000:00:0b.0: USB 2.0 started, EHCI 1.00, driver 10 Dec 2004
Nov  3 12:56:12 metasploitable kernel: [   10.481399] usb usb2: configuration #1 chosen from 1 choice
Nov  3 12:56:12 metasploitable kernel: [   10.481409] hub 2-0:1.0: USB hub found
Nov  3 12:56:12 metasploitable kernel: [   10.481411] hub 2-0:1.0: 12 ports detected
Nov  3 12:56:12 metasploitable kernel: [   10.531354] usb 1-1: configuration #1 chosen from 1 choice
Nov  3 12:56:12 metasploitable kernel: [   11.258312] input: Power Button (FF) as /devices/virtual/input/input2
Nov  3 12:56:12 metasploitable kernel: [   11.280497] ACPI: Power Button (FF) [PWRF]
Nov  3 12:56:12 metasploitable kernel: [   11.280497] input: Sleep Button (FF) as /devices/virtual/input/input3
Nov  3 12:56:12 metasploitable kernel: [   11.320303] ACPI: Sleep Button (FF) [SLPF]
Nov  3 12:56:12 metasploitable kernel: [   11.379704] ACPI: AC Adapter [AC] (on-line)
Nov  3 12:56:12 metasploitable kernel: [   11.421774] input: Video Bus as /devices/LNXSYSTM:00/device:00/PNP0A03:00/LNXVIDEO:00/input/input4
Nov  3 12:56:12 metasploitable kernel: [   11.431245] e1000: eth0: e1000_watchdog: NIC Link is Up 1000 Mbps Full Duplex, Flow Control: RX
Nov  3 12:56:12 metasploitable kernel: [   11.460448] ACPI: Video Device [GFX0] (multi-head: yes  rom: no  post: no)
Nov  3 12:56:12 metasploitable kernel: [   11.460976] ACPI: Battery Slot [BAT0] (battery present)
Nov  3 12:56:12 metasploitable kernel: [   11.462222] Driver 'sr' needs updating - please use bus_type methods
Nov  3 12:56:12 metasploitable kernel: [   11.465524] sr0: scsi3-mmc drive: 32x/32x xa/form2 tray
Nov  3 12:56:12 metasploitable kernel: [   11.465526] Uniform CD-ROM driver Revision: 3.20
Nov  3 12:56:12 metasploitable kernel: [   11.465542] sr 1:0:0:0: Attached scsi CD-ROM sr0
Nov  3 12:56:12 metasploitable kernel: [   11.664800] usbcore: registered new interface driver hiddev
Nov  3 12:56:12 metasploitable kernel: [   11.687068] input: VirtualBox USB Tablet as /devices/pci0000:00/0000:00:06.0/usb1/1-1/1-1:1.0/input/input5
Nov  3 12:56:12 metasploitable kernel: [   11.709835] input,hidraw0: USB HID v1.10 Mouse [VirtualBox USB Tablet] on usb-0000:00:06.0-1
Nov  3 12:56:12 metasploitable kernel: [   11.709843] usbcore: registered new interface driver usbhid
Nov  3 12:56:12 metasploitable kernel: [   11.709844] /build/buildd/linux-2.6.24/drivers/hid/usbhid/hid-core.c: v2.6:USB HID core driver
Nov  3 12:56:12 metasploitable kernel: [   11.735869] input: PC Speaker as /devices/platform/pcspkr/input/input6
Nov  3 12:56:12 metasploitable kernel: [   11.758874] input: ImExPS/2 Generic Explorer Mouse as /devices/platform/i8042/serio1/input/input7
Nov  3 12:56:12 metasploitable kernel: [   12.614788] NET: Registered protocol family 17
Nov  3 12:56:12 metasploitable kernel: [   12.674818] NET: Registered protocol family 10
Nov  3 12:56:12 metasploitable kernel: [   12.674878] lo: Disabled Privacy Extensions
Nov  3 12:56:12 metasploitable kernel: [   13.014688] loop: module loaded
Nov  3 12:56:12 metasploitable kernel: [   13.025196] lp: driver loaded but no devices found
Nov  3 12:56:12 metasploitable kernel: [   13.137910] EXT3 FS on dm-0, internal journal
Nov  3 12:56:12 metasploitable kernel: [   13.213328] kjournald starting.  Commit interval 5 seconds
Nov  3 12:56:12 metasploitable kernel: [   13.213397] EXT3 FS on sda1, internal journal
Nov  3 12:56:12 metasploitable kernel: [   13.213398] EXT3-fs: mounted filesystem with ordered data mode.
Nov  3 12:56:12 metasploitable kernel: [   13.337275] ip_tables: (C) 2000-2006 Netfilter Core Team
Nov  3 12:56:12 metasploitable kernel: [   14.395470] RPC: Registered udp transport module.
Nov  3 12:56:12 metasploitable kernel: [   14.395472] RPC: Registered tcp transport module.
Nov  3 12:56:12 metasploitable named[4037]: starting BIND 9.4.2 -u bind
Nov  3 12:56:12 metasploitable named[4037]: found 1 CPU, using 1 worker thread
Nov  3 12:56:12 metasploitable named[4037]: loading configuration from '/etc/bind/named.conf'
Nov  3 12:56:12 metasploitable named[4037]: listening on IPv6 interfaces, port 53
Nov  3 12:56:12 metasploitable named[4037]: listening on IPv4 interface lo, 127.0.0.1#53
Nov  3 12:56:12 metasploitable named[4037]: listening on IPv4 interface eth0, 192.168.56.108#53
Nov  3 12:56:12 metasploitable named[4037]: automatic empty zone: 254.169.IN-ADDR.ARPA
Nov  3 12:56:12 metasploitable named[4037]: automatic empty zone: 2.0.192.IN-ADDR.ARPA
Nov  3 12:56:12 metasploitable named[4037]: automatic empty zone: 255.255.255.255.IN-ADDR.ARPA
Nov  3 12:56:12 metasploitable named[4037]: automatic empty zone: 0.0.0.0.0.0.0.0.0.0.0.0.0.0.0.0.0.0.0.0.0.0.0.0.0.0.0.0.0.0.0.0.IP6.ARPA
Nov  3 12:56:12 metasploitable named[4037]: automatic empty zone: 1.0.0.0.0.0.0.0.0.0.0.0.0.0.0.0.0.0.0.0.0.0.0.0.0.0.0.0.0.0.0.0.IP6.ARPA
Nov  3 12:56:12 metasploitable named[4037]: automatic empty zone: D.F.IP6.ARPA
Nov  3 12:56:12 metasploitable named[4037]: automatic empty zone: 8.E.F.IP6.ARPA
Nov  3 12:56:12 metasploitable named[4037]: automatic empty zone: 9.E.F.IP6.ARPA
Nov  3 12:56:12 metasploitable named[4037]: automatic empty zone: A.E.F.IP6.ARPA
Nov  3 12:56:12 metasploitable named[4037]: automatic empty zone: B.E.F.IP6.ARPA
Nov  3 12:56:12 metasploitable named[4037]: command channel listening on 127.0.0.1#953
Nov  3 12:56:12 metasploitable named[4037]: command channel listening on ::1#953
Nov  3 12:56:12 metasploitable named[4037]: zone 0.in-addr.arpa/IN: loaded serial 1
Nov  3 12:56:12 metasploitable named[4037]: zone 127.in-addr.arpa/IN: loaded serial 1
Nov  3 12:56:12 metasploitable named[4037]: zone 255.in-addr.arpa/IN: loaded serial 1
Nov  3 12:56:12 metasploitable named[4037]: zone localhost/IN: loaded serial 2
Nov  3 12:56:12 metasploitable named[4037]: running
Nov  3 12:56:13 metasploitable mysqld_safe[4175]: started
Nov  3 12:56:13 metasploitable mysqld[4179]: 201103 12:56:13  InnoDB: Started; log sequence number 0 43675
Nov  3 12:56:13 metasploitable mysqld[4179]: 201103 12:56:13 [Note] /usr/sbin/mysqld: ready for connections.
Nov  3 12:56:13 metasploitable mysqld[4179]: Version: '5.0.51a-3ubuntu5'  socket: '/var/run/mysqld/mysqld.sock'  port: 3306  (Ubuntu)
Nov  3 12:56:14 metasploitable /etc/mysql/debian-start[4215]: Upgrading MySQL tables if necessary.
Nov  3 12:56:14 metasploitable /etc/mysql/debian-start[4223]: Looking for 'mysql' in: /usr/bin/mysql
Nov  3 12:56:14 metasploitable /etc/mysql/debian-start[4223]: Looking for 'mysqlcheck' in: /usr/bin/mysqlcheck
Nov  3 12:56:14 metasploitable /etc/mysql/debian-start[4223]: This installation of MySQL is already upgraded to 5.0.51a, use --force if you still need to run mysql_upgrade
Nov  3 12:56:14 metasploitable /etc/mysql/debian-start[4231]: Checking for insecure root accounts.
Nov  3 12:56:14 metasploitable /etc/mysql/debian-start[4239]: WARNING: mysql.user contains 1 root accounts without password!
Nov  3 12:56:14 metasploitable /etc/mysql/debian-start[4241]: Checking for crashed MySQL tables.
Nov  3 12:56:16 metasploitable distccd[4281]: (dcc_setup_daemon_path) daemon's PATH is /sbin:/bin:/usr/sbin:/usr/bin
Nov  3 12:56:16 metasploitable distccd[4281]: (dcc_listen_by_addr) listening on :::3632
Nov  3 12:56:16 metasploitable distccd[4281]: (dcc_standalone_server) 1 CPU online on this server
Nov  3 12:56:16 metasploitable distccd[4281]: (dcc_standalone_server) allowing up to 3 active jobs
Nov  3 12:56:16 metasploitable distccd[4282]: (dcc_log_daemon_started) preforking daemon started (2.18.3 i486-pc-linux-gnu, built May  1 2007 10:25:31)
Nov  3 12:56:16 metasploitable kernel: [   18.768561] Installing knfsd (copyright (C) 1996 okir@monad.swb.de).
Nov  3 12:56:16 metasploitable kernel: [   18.791655] NFSD: Using /var/lib/nfs/v4recovery as the NFSv4 state recovery directory
Nov  3 12:56:16 metasploitable kernel: [   18.792087] NFSD: starting 90-second grace period
Nov  3 12:56:16 metasploitable postfix/master[4411]: daemon started -- version 2.5.1, configuration /etc/postfix
Nov  3 12:56:17 metasploitable xinetd[4438]: Reading included configuration file: /etc/xinetd.d/chargen [file=/etc/xinetd.conf] [line=14]
Nov  3 12:56:17 metasploitable xinetd[4438]: Reading included configuration file: /etc/xinetd.d/daytime [file=/etc/xinetd.d/daytime] [line=28]
Nov  3 12:56:17 metasploitable xinetd[4438]: Reading included configuration file: /etc/xinetd.d/discard [file=/etc/xinetd.d/discard] [line=26]
Nov  3 12:56:17 metasploitable xinetd[4438]: Reading included configuration file: /etc/xinetd.d/echo [file=/etc/xinetd.d/echo] [line=25]
Nov  3 12:56:17 metasploitable xinetd[4438]: Reading included configuration file: /etc/xinetd.d/time [file=/etc/xinetd.d/time] [line=26]
Nov  3 12:56:17 metasploitable xinetd[4438]: Reading included configuration file: /etc/xinetd.d/vsftpd [file=/etc/xinetd.d/vsftpd] [line=28]
Nov  3 12:56:17 metasploitable xinetd[4438]: added service telnet [file=/etc/inetd.conf] [line=2]
Nov  3 12:56:17 metasploitable xinetd[4438]: added service tftp [file=/etc/inetd.conf] [line=4]
Nov  3 12:56:17 metasploitable xinetd[4438]: added service shell [file=/etc/inetd.conf] [line=5]
Nov  3 12:56:17 metasploitable xinetd[4438]: added service login [file=/etc/inetd.conf] [line=6]
Nov  3 12:56:17 metasploitable xinetd[4438]: added service exec [file=/etc/inetd.conf] [line=7]
Nov  3 12:56:17 metasploitable xinetd[4438]: added service ingreslock [file=/etc/inetd.conf] [line=8]
Nov  3 12:56:17 metasploitable xinetd[4438]: removing chargen
Nov  3 12:56:17 metasploitable xinetd[4438]: removing chargen
Nov  3 12:56:17 metasploitable xinetd[4438]: removing daytime
Nov  3 12:56:17 metasploitable xinetd[4438]: removing daytime
Nov  3 12:56:17 metasploitable xinetd[4438]: removing discard
Nov  3 12:56:17 metasploitable xinetd[4438]: removing discard
Nov  3 12:56:17 metasploitable xinetd[4438]: removing echo
Nov  3 12:56:17 metasploitable xinetd[4438]: removing echo
Nov  3 12:56:17 metasploitable xinetd[4438]: removing time
Nov  3 12:56:17 metasploitable xinetd[4438]: removing time
Nov  3 12:56:17 metasploitable xinetd[4438]: xinetd Version 2.3.14 started with libwrap loadavg options compiled in.
Nov  3 12:56:17 metasploitable xinetd[4438]: Started working: 7 available services
Nov  3 12:56:17 metasploitable /usr/sbin/cron[4499]: (CRON) INFO (pidfile fd = 3)
Nov  3 12:56:17 metasploitable /usr/sbin/cron[4500]: (CRON) STARTUP (fork ok)
Nov  3 12:56:17 metasploitable /usr/sbin/cron[4500]: (CRON) INFO (Running @reboot jobs)
Nov  3 12:56:17 metasploitable tomcat5.5: The java-gcj-compat-dev environment currently doesn't
Nov  3 12:56:17 metasploitable tomcat5.5: support a security manager. See README.Debian.
Nov  3 12:56:17 metasploitable jsvc.exec[4529]: Created MBeanServer with ID: x6q0n:kh29x5ou.0:metasploitable:1 
Nov  3 12:56:18 metasploitable jsvc.exec[4529]: 3-Nov-20 12:56:18 PM org.apache.catalina.core.AprLifecycleListener lifecycleEvent INFO: The Apache Tomcat Native library which allows optimal performance in production environments was not found on th
Nov  3 12:56:18 metasploitable jsvc.exec[4529]: e java.library.path: /usr/lib/../lib/gcj-4.2-81:/usr/lib/jni 
Nov  3 12:56:18 metasploitable jsvc.exec[4529]: 3-Nov-20 12:56:18 PM org.apache.coyote.http11.Http11BaseProtocol init INFO: Initializing Coyote HTTP/1.1 on http-8180 
Nov  3 12:56:18 metasploitable jsvc.exec[4529]: 3-Nov-20 12:56:18 PM org.apache.catalina.startup.Catalina load INFO: Initialization processed in 584 ms 
Nov  3 12:56:18 metasploitable jsvc.exec[4529]: 3-Nov-20 12:56:18 PM org.apache.catalina.core.StandardService start INFO: Starting service Catalina 
Nov  3 12:56:18 metasploitable jsvc.exec[4529]: 3-Nov-20 12:56:18 PM org.apache.catalina.core.StandardEngine start INFO: Starting Servlet Engine: Apache Tomcat/5.5 
Nov  3 12:56:18 metasploitable jsvc.exec[4529]: 3-Nov-20 12:56:18 PM org.apache.catalina.core.StandardHost start INFO: XML validation disabled 
Nov  3 12:56:19 metasploitable jsvc.exec[4529]: 3-Nov-20 12:56:19 PM org.apache.catalina.core.ApplicationContext log INFO: ContextListener: contextInitialized() 
Nov  3 12:56:19 metasploitable jsvc.exec[4529]: 3-Nov-20 12:56:19 PM org.apache.catalina.core.ApplicationContext log INFO: SessionListener: contextInitialized() 
Nov  3 12:56:19 metasploitable jsvc.exec[4529]: 3-Nov-20 12:56:19 PM org.apache.catalina.core.ApplicationContext log INFO: ContextListener: attributeAdded('org.apache.catalina.Registry', 'org.apache.commons.modeler.Registry@77e300') 
Nov  3 12:56:19 metasploitable jsvc.exec[4529]: 3-Nov-20 12:56:19 PM org.apache.catalina.core.ApplicationContext log INFO: ContextListener: attributeAdded('org.apache.catalina.MBeanServer', 'mx4j.server.MX4JMBeanServer@46ac30') 
Nov  3 12:56:19 metasploitable jsvc.exec[4529]: 3-Nov-20 12:56:19 PM org.apache.catalina.core.ApplicationContext log INFO: ContextListener: contextInitialized() 
Nov  3 12:56:19 metasploitable jsvc.exec[4529]: 3-Nov-20 12:56:19 PM org.apache.catalina.core.ApplicationContext log INFO: SessionListener: contextInitialized() 
Nov  3 12:56:20 metasploitable jsvc.exec[4529]: 3-Nov-20 12:56:20 PM org.apache.catalina.core.ApplicationContext log INFO: ContextListener: attributeAdded('org.apache.catalina.Registry', 'org.apache.commons.modeler.Registry@77e300') 
Nov  3 12:56:20 metasploitable jsvc.exec[4529]: 3-Nov-20 12:56:20 PM org.apache.catalina.core.ApplicationContext log INFO: ContextListener: attributeAdded('org.apache.catalina.MBeanServer', 'mx4j.server.MX4JMBeanServer@46ac30') 
Nov  3 12:56:21 metasploitable kernel: [   23.166793] eth0: no IPv6 routers present
Nov  3 12:56:21 metasploitable jsvc.exec[4529]: 3-Nov-20 12:56:21 PM org.apache.catalina.core.ApplicationContext log INFO: org.apache.webapp.balancer.BalancerFilter: init(): ruleChain: [org.apache.webapp.balancer.RuleChain: [org.apache.webapp.balan
Nov  3 12:56:21 metasploitable jsvc.exec[4529]: cer.rules.URLStringMatchRule: Target string: News / Redirect URL: http://www.cnn.com], [org.apache.webapp.balancer.rules.RequestParameterRule: Target param name: paramName / Target param value: paramV
Nov  3 12:56:21 metasploitable jsvc.exec[4529]: alue / Redirect URL: http://www.yahoo.com], [org.apache.webapp.balancer.rules.AcceptEverythingRule: Redirect URL: http://jakarta.apache.org]] 
Nov  3 12:56:22 metasploitable jsvc.exec[4529]: 3-Nov-20 12:56:22 PM org.apache.coyote.http11.Http11BaseProtocol start INFO: Starting Coyote HTTP/1.1 on http-8180 
Nov  3 12:56:22 metasploitable jsvc.exec[4529]: 3-Nov-20 12:56:22 PM org.apache.commons.modeler.modules.MbeansDescriptorsDOMSource execute SEVERE: Error reading descriptors  gnu.xml.dom.ls.DomLSException    at gnu.xml.dom.ls.DomLSParser.doParse(lib
Nov  3 12:56:22 metasploitable jsvc.exec[4529]: gcj.so.81)    at gnu.xml.dom.ls.DomLSParser.parse(libgcj.so.81)    at gnu.xml.dom.DomDocumentBuilder.parse(libgcj.so.81)    at org.apache.commons.modeler.util.DomUtil.readXml(DomUtil.java:257)    at o
Nov  3 12:56:22 metasploitable jsvc.exec[4529]: rg.apache.commons.modeler.modules.MbeansDescriptorsDOMSource.execute(MbeansDescriptorsDOMSource.java:88)    at org.apache.commons.modeler.modules.MbeansDescriptorsDOMSource.loadDescriptors(MbeansDescr
Nov  3 12:56:22 metasploitable jsvc.exec[4529]: iptorsDOMSource.java:78)    at org.apache.commons.modeler.Registry.load(Registry.java:792)    at org.apache.commons.modeler.Registry.loadDescriptors(Registry.java:901)    at org.apache.commons.modeler
Nov  3 12:56:22 metasploitable jsvc.exec[4529]: .Registry.loadDescriptors(Registry.java:882)    at org.apache.commons.modeler.Registry.findDescriptor(Registry.java:961)    at org.apache.commons.modeler.Registry.findManagedBean(Registry.java:666)   
Nov  3 12:56:22 metasploitable jsvc.exec[4529]:  at org.apache.commons.modeler.Registry.findManagedBean(Registry.java:1015)    at org.apache.commons.modeler.Registry.registerComponent(Registry.java:832)    at org.apache.catalina.connector.Connector
Nov  3 12:56:22 metasploitable jsvc.exec[4529]: .start(Connector.java:1077)    at org.apache.catalina.core.StandardService.start(StandardService.java:457)    at org.apache.catalina.core.StandardServer.start(StandardServer.java:700)    at org.apache
Nov  3 12:56:22 metasploitable jsvc.exec[4529]: .catalina.startup.Catalina.start(Catalina.java:552)    at java.lang.reflect.Method.invoke(libgcj.so.81)    at org.apache.catalina.startup.Bootstrap.start(Bootstrap.java:295)    at java.lang.reflect.Me
Nov  3 12:56:22 metasploitable jsvc.exec[4529]: thod.invoke(libgcj.so.81)    at org.apache.commons.daemon.support.DaemonLoader.start(DaemonLoader.java:177) Caused by: org.xml.sax.SAXParseException    at gnu.xml.stream.SAXParser.parse(libgcj.so.81) 
Nov  3 12:56:22 metasploitable jsvc.exec[4529]:    at gnu.xml.dom.ls.DomLSParser.doParse(libgcj.so.81)    ...20 more Caused by: javax.xml.stream.XMLStreamException    at gnu.xml.stream.XMLParser.next(libgcj.so.81)    at gnu.xml.stream.XMLParser.has
Nov  3 12:56:22 metasploitable jsvc.exec[4529]: Next(libgcj.so.81)    at gnu.xml.stream.SAXParser.parse(libgcj.so.81)    ...21 more Caused by: java.io.IOException: error resolving http://jakarta.apache.org/commons/dtds/mbeans-descriptors.dtd    at 
Nov  3 12:56:22 metasploitable jsvc.exec[4529]: gnu.xml.stream.XMLParser.resolve(libgcj.so.81)    at gnu.xml.stream.XMLParser.pushInput(libgcj.so.81)    at gnu.xml.stream.XMLParser.readDoctypeDecl(libgcj.so.81)    at gnu.xml.stream.XMLParser.next(l
Nov  3 12:56:22 metasploitable jsvc.exec[4529]: ibgcj.so.81)    ...23 more Caused by: java.net.UnknownHostException: jakarta.apache.org:80    at gnu.java.net.PlainSocketImpl.connect(libgcj.so.81)    at java.net.Socket.connect(libgcj.so.81)    at ja
Nov  3 12:56:22 metasploitable jsvc.exec[4529]: va.net.Socket.connect(libgcj.so.81)    at gnu.java.net.protocol.http.HTTPConnection.getSocket(libgcj.so.81)    at gnu.java.net.protocol.http.HTTPConnection.getOutputStream(libgcj.so.81)    at gnu.java
Nov  3 12:56:22 metasploitable jsvc.exec[4529]: .net.protocol.http.Request.dispatch(libgcj.so.81)    at gnu.java.net.protocol.http.HTTPURLConnection.connect(libgcj.so.81)    at gnu.java.net.protocol.http.HTTPURLConnection.getInputStream(libgcj.so.8
Nov  3 12:56:22 metasploitable jsvc.exec[4529]: 1)    at java.net.URL.openStream(libgcj.so.81)    at gnu.xml.stream.XMLParser.resolve(libgcj.so.81)    ...26 more 
Nov  3 12:56:22 metasploitable jsvc.exec[4529]: 3-Nov-20 12:56:22 PM org.apache.jk.common.ChannelSocket init INFO: JK: ajp13 listening on /0.0.0.0:8009 
Nov  3 12:56:22 metasploitable jsvc.exec[4529]: 3-Nov-20 12:56:22 PM org.apache.jk.server.JkMain start INFO: Jk running ID=0 time=0/88  config=null 
Nov  3 12:56:23 metasploitable jsvc.exec[4529]: 3-Nov-20 12:56:23 PM org.apache.catalina.storeconfig.StoreLoader load INFO: Find registry server-registry.xml at classpath resource 
Nov  3 12:56:23 metasploitable jsvc.exec[4529]: 3-Nov-20 12:56:23 PM org.apache.catalina.startup.Catalina start INFO: Server startup in 4832 ms 
Nov  3 13:00:05 metasploitable dhclient: DHCPREQUEST of <null address> on eth0 to 192.168.56.2 port 67
Nov  3 13:00:05 metasploitable dhclient: DHCPACK of 192.168.56.108 from 192.168.56.2
Nov  3 13:00:05 metasploitable dhclient: can't create /var/lib/dhcp3/dhclient.eth0.leases: Permission denied
Nov  3 13:00:05 metasploitable dhclient: bound to 192.168.56.108 -- renewal in 267 seconds.
Nov  3 13:04:32 metasploitable dhclient: DHCPREQUEST of <null address> on eth0 to 192.168.56.2 port 67
Nov  3 13:04:32 metasploitable dhclient: DHCPACK of 192.168.56.108 from 192.168.56.2
Nov  3 13:04:32 metasploitable dhclient: can't create /var/lib/dhcp3/dhclient.eth0.leases: Permission denied
Nov  3 13:04:32 metasploitable dhclient: bound to 192.168.56.108 -- renewal in 299 seconds.
Nov  3 13:09:01 metasploitable /USR/SBIN/CRON[4713]: (root) CMD (  [ -x /usr/lib/php5/maxlifetime ] && [ -d /var/lib/php5 ] && find /var/lib/php5/ -type f -cmin +$(/usr/lib/php5/maxlifetime) -print0 | xargs -r -0 rm)
Nov  3 13:09:31 metasploitable dhclient: DHCPREQUEST of <null address> on eth0 to 192.168.56.2 port 67
Nov  3 13:09:31 metasploitable dhclient: DHCPACK of 192.168.56.108 from 192.168.56.2
Nov  3 13:09:31 metasploitable dhclient: can't create /var/lib/dhcp3/dhclient.eth0.leases: Permission denied
Nov  3 13:09:31 metasploitable dhclient: bound to 192.168.56.108 -- renewal in 235 seconds.
Nov  3 13:13:26 metasploitable dhclient: DHCPREQUEST of <null address> on eth0 to 192.168.56.2 port 67
Nov  3 13:13:26 metasploitable dhclient: DHCPACK of 192.168.56.108 from 192.168.56.2
Nov  3 13:13:26 metasploitable dhclient: can't create /var/lib/dhcp3/dhclient.eth0.leases: Permission denied
Nov  3 13:13:26 metasploitable dhclient: bound to 192.168.56.108 -- renewal in 298 seconds.
Nov  3 13:17:01 metasploitable /USR/SBIN/CRON[4743]: (root) CMD (   cd / && run-parts --report /etc/cron.hourly)
Nov  3 13:18:24 metasploitable dhclient: DHCPREQUEST of <null address> on eth0 to 192.168.56.2 port 67
Nov  3 13:18:24 metasploitable dhclient: DHCPACK of 192.168.56.108 from 192.168.56.2
Nov  3 13:18:24 metasploitable dhclient: can't create /var/lib/dhcp3/dhclient.eth0.leases: Permission denied
Nov  3 13:18:24 metasploitable dhclient: bound to 192.168.56.108 -- renewal in 292 seconds.
Nov  3 13:23:16 metasploitable dhclient: DHCPREQUEST of <null address> on eth0 to 192.168.56.2 port 67
Nov  3 13:23:16 metasploitable dhclient: DHCPACK of 192.168.56.108 from 192.168.56.2
Nov  3 13:23:16 metasploitable dhclient: can't create /var/lib/dhcp3/dhclient.eth0.leases: Permission denied
Nov  3 13:23:16 metasploitable dhclient: bound to 192.168.56.108 -- renewal in 269 seconds.
Nov  3 13:27:45 metasploitable dhclient: DHCPREQUEST of <null address> on eth0 to 192.168.56.2 port 67
Nov  3 13:27:45 metasploitable dhclient: DHCPACK of 192.168.56.108 from 192.168.56.2
Nov  3 13:27:45 metasploitable dhclient: can't create /var/lib/dhcp3/dhclient.eth0.leases: Permission denied
Nov  3 13:27:45 metasploitable dhclient: bound to 192.168.56.108 -- renewal in 258 seconds.
Nov  3 13:32:03 metasploitable dhclient: DHCPREQUEST of <null address> on eth0 to 192.168.56.2 port 67
Nov  3 13:32:03 metasploitable dhclient: DHCPACK of 192.168.56.108 from 192.168.56.2
Nov  3 13:32:03 metasploitable dhclient: can't create /var/lib/dhcp3/dhclient.eth0.leases: Permission denied
Nov  3 13:32:03 metasploitable dhclient: bound to 192.168.56.108 -- renewal in 279 seconds.
Nov  3 13:36:42 metasploitable dhclient: DHCPREQUEST of <null address> on eth0 to 192.168.56.2 port 67
Nov  3 13:36:42 metasploitable dhclient: DHCPACK of 192.168.56.108 from 192.168.56.2
